building probe dataset...
1400 clips total; token probe uses first 48

=== runs/rayleigh_benard_jepa/encoder_100pct.pt ===
  -- per-token LINEAR probe (no pooling) --
    block_1      enstrophy=0.823  buoyancy_grad=0.967  convective_flux=0.032
    block_2      enstrophy=0.832  buoyancy_grad=0.972  convective_flux=0.076
    block_3      enstrophy=0.912  buoyancy_grad=0.983  convective_flux=0.184
    block_4      enstrophy=0.944  buoyancy_grad=0.985  convective_flux=0.269
    block_5      enstrophy=0.948  buoyancy_grad=0.984  convective_flux=0.299
    block_6      enstrophy=0.946  buoyancy_grad=0.981  convective_flux=0.322
    block_7      enstrophy=0.946  buoyancy_grad=0.980  convective_flux=0.331
    block_8      enstrophy=0.943  buoyancy_grad=0.976  convective_flux=0.316
    block_9      enstrophy=0.937  buoyancy_grad=0.973  convective_flux=0.289
    block_10     enstrophy=0.935  buoyancy_grad=0.969  convective_flux=0.263
    block_11     enstrophy=0.925  buoyancy_grad=0.956  convective_flux=0.190
    block_12     enstrophy=0.906  buoyancy_grad=0.936  convective_flux=0.137
    final_norm   enstrophy=0.886  buoyancy_grad=0.928  convective_flux=0.126
  -- pooled NONLINEAR (MLP) probe --
    block_1      enstrophy=0.496  buoyancy_grad=1.000  convective_flux=0.598
    block_2      enstrophy=0.524  buoyancy_grad=1.000  convective_flux=0.659
    block_3      enstrophy=0.631  buoyancy_grad=1.000  convective_flux=0.811
    block_4      enstrophy=0.962  buoyancy_grad=1.000  convective_flux=0.970
    block_5      enstrophy=0.977  buoyancy_grad=1.000  convective_flux=0.970
    block_6      enstrophy=0.981  buoyancy_grad=1.000  convective_flux=0.959
    block_7      enstrophy=0.986  buoyancy_grad=1.000  convective_flux=0.973
    block_8      enstrophy=0.988  buoyancy_grad=1.000  convective_flux=0.976
    block_9      enstrophy=0.988  buoyancy_grad=1.000  convective_flux=0.968
    block_10     enstrophy=0.972  buoyancy_grad=1.000  convective_flux=0.967
    block_11     enstrophy=0.943  buoyancy_grad=1.000  convective_flux=0.957
    block_12     enstrophy=0.862  buoyancy_grad=1.000  convective_flux=0.925
    final_norm   enstrophy=0.915  buoyancy_grad=1.000  convective_flux=0.933

=== runs/rayleigh_benard_mae/encoder_100pct.pt ===
  -- per-token LINEAR probe (no pooling) --
    block_1      enstrophy=0.947  buoyancy_grad=0.986  convective_flux=0.004
    block_2      enstrophy=0.953  buoyancy_grad=0.991  convective_flux=0.005
    block_3      enstrophy=0.957  buoyancy_grad=0.991  convective_flux=0.004
    block_4      enstrophy=0.957  buoyancy_grad=0.990  convective_flux=0.004
    block_5      enstrophy=0.957  buoyancy_grad=0.988  convective_flux=0.004
    block_6      enstrophy=0.958  buoyancy_grad=0.985  convective_flux=0.003
    block_7      enstrophy=0.957  buoyancy_grad=0.984  convective_flux=0.003
    block_8      enstrophy=0.955  buoyancy_grad=0.982  convective_flux=0.003
    block_9      enstrophy=0.954  buoyancy_grad=0.978  convective_flux=0.002
    block_10     enstrophy=0.953  buoyancy_grad=0.977  convective_flux=0.002
    block_11     enstrophy=0.954  buoyancy_grad=0.975  convective_flux=0.002
    block_12     enstrophy=0.953  buoyancy_grad=0.973  convective_flux=0.002
    final_norm   enstrophy=0.954  buoyancy_grad=0.971  convective_flux=0.002
  -- pooled NONLINEAR (MLP) probe --
    block_1      enstrophy=0.476  buoyancy_grad=1.000  convective_flux=0.570
    block_2      enstrophy=0.474  buoyancy_grad=1.000  convective_flux=0.573
    block_3      enstrophy=0.399  buoyancy_grad=1.000  convective_flux=0.556
    block_4      enstrophy=0.463  buoyancy_grad=1.000  convective_flux=0.590
    block_5      enstrophy=0.514  buoyancy_grad=1.000  convective_flux=0.638
    block_6      enstrophy=0.433  buoyancy_grad=1.000  convective_flux=0.590
    block_7      enstrophy=0.498  buoyancy_grad=1.000  convective_flux=0.592
    block_8      enstrophy=0.450  buoyancy_grad=1.000  convective_flux=0.598
    block_9      enstrophy=0.450  buoyancy_grad=1.000  convective_flux=0.548
    block_10     enstrophy=0.525  buoyancy_grad=1.000  convective_flux=0.630
    block_11     enstrophy=0.518  buoyancy_grad=1.000  convective_flux=0.704
    block_12     enstrophy=0.490  buoyancy_grad=1.000  convective_flux=0.582
    final_norm   enstrophy=0.483  buoyancy_grad=1.000  convective_flux=0.679

wrote /workspace/analysis_rb_nonpooled.json
