building probe dataset...
300 clips total; token probe uses first 64

=== checkpoints/rayleigh_benard_jepa.pt ===
  -- per-token LINEAR probe (no pooling) --
    block_1      enstrophy=0.765  vorticity_signed=0.001  divergence=0.057  buoyancy_grad=0.963  convective_flux=0.015  okubo_weiss=0.711  velocity_buoyancy_coherence=0.016  pressure_grad_mag=0.936  buoyancy_laplacian=0.968
    block_2      enstrophy=0.780  vorticity_signed=0.001  divergence=0.088  buoyancy_grad=0.967  convective_flux=0.033  okubo_weiss=0.728  velocity_buoyancy_coherence=0.036  pressure_grad_mag=0.956  buoyancy_laplacian=0.971
    block_3      enstrophy=0.848  vorticity_signed=0.004  divergence=0.124  buoyancy_grad=0.981  convective_flux=0.091  okubo_weiss=0.810  velocity_buoyancy_coherence=0.102  pressure_grad_mag=0.978  buoyancy_laplacian=0.983
    block_4      enstrophy=0.896  vorticity_signed=0.016  divergence=0.142  buoyancy_grad=0.982  convective_flux=0.189  okubo_weiss=0.863  velocity_buoyancy_coherence=0.191  pressure_grad_mag=0.978  buoyancy_laplacian=0.984
    block_5      enstrophy=0.900  vorticity_signed=0.034  divergence=0.146  buoyancy_grad=0.981  convective_flux=0.236  okubo_weiss=0.869  velocity_buoyancy_coherence=0.223  pressure_grad_mag=0.973  buoyancy_laplacian=0.982
    block_6      enstrophy=0.897  vorticity_signed=0.046  divergence=0.147  buoyancy_grad=0.976  convective_flux=0.264  okubo_weiss=0.865  velocity_buoyancy_coherence=0.243  pressure_grad_mag=0.966  buoyancy_laplacian=0.977
    block_7      enstrophy=0.893  vorticity_signed=0.060  divergence=0.140  buoyancy_grad=0.973  convective_flux=0.285  okubo_weiss=0.862  velocity_buoyancy_coherence=0.258  pressure_grad_mag=0.963  buoyancy_laplacian=0.974
    block_8      enstrophy=0.888  vorticity_signed=0.064  divergence=0.136  buoyancy_grad=0.968  convective_flux=0.274  okubo_weiss=0.856  velocity_buoyancy_coherence=0.239  pressure_grad_mag=0.955  buoyancy_laplacian=0.970
    block_9      enstrophy=0.880  vorticity_signed=0.058  divergence=0.125  buoyancy_grad=0.964  convective_flux=0.251  okubo_weiss=0.849  velocity_buoyancy_coherence=0.210  pressure_grad_mag=0.949  buoyancy_laplacian=0.967
    block_10     enstrophy=0.877  vorticity_signed=0.048  divergence=0.113  buoyancy_grad=0.961  convective_flux=0.221  okubo_weiss=0.844  velocity_buoyancy_coherence=0.188  pressure_grad_mag=0.943  buoyancy_laplacian=0.963
    block_11     enstrophy=0.867  vorticity_signed=0.034  divergence=0.095  buoyancy_grad=0.945  convective_flux=0.159  okubo_weiss=0.834  velocity_buoyancy_coherence=0.142  pressure_grad_mag=0.921  buoyancy_laplacian=0.947
    block_12     enstrophy=0.851  vorticity_signed=0.018  divergence=0.076  buoyancy_grad=0.921  convective_flux=0.111  okubo_weiss=0.817  velocity_buoyancy_coherence=0.105  pressure_grad_mag=0.890  buoyancy_laplacian=0.924
    final_norm   enstrophy=0.834  vorticity_signed=0.015  divergence=0.073  buoyancy_grad=0.912  convective_flux=0.098  okubo_weiss=0.798  velocity_buoyancy_coherence=0.095  pressure_grad_mag=0.880  buoyancy_laplacian=0.916
  -- pooled NONLINEAR (MLP) probe --
    block_1      enstrophy=0.501  buoyancy_grad=1.000  convective_flux=0.736  okubo_weiss=0.536  velocity_buoyancy_coherence=0.025  pressure_grad_mag=1.000  buoyancy_laplacian=0.998
    block_2      enstrophy=0.090  buoyancy_grad=1.000  convective_flux=0.390  okubo_weiss=0.161  velocity_buoyancy_coherence=-0.142  pressure_grad_mag=1.000  buoyancy_laplacian=0.990
    block_3      enstrophy=0.560  buoyancy_grad=1.000  convective_flux=0.690  okubo_weiss=0.554  velocity_buoyancy_coherence=-0.761  pressure_grad_mag=1.000  buoyancy_laplacian=0.987
    block_4      enstrophy=0.911  buoyancy_grad=1.000  convective_flux=0.949  okubo_weiss=0.903  velocity_buoyancy_coherence=0.417  pressure_grad_mag=1.000  buoyancy_laplacian=0.999
    block_5      enstrophy=0.908  buoyancy_grad=1.000  convective_flux=0.917  okubo_weiss=0.889  velocity_buoyancy_coherence=0.042  pressure_grad_mag=1.000  buoyancy_laplacian=0.997
    block_6      enstrophy=0.954  buoyancy_grad=1.000  convective_flux=0.894  okubo_weiss=0.921  velocity_buoyancy_coherence=0.645  pressure_grad_mag=1.000  buoyancy_laplacian=0.994
    block_7      enstrophy=0.875  buoyancy_grad=1.000  convective_flux=0.902  okubo_weiss=0.874  velocity_buoyancy_coherence=0.029  pressure_grad_mag=1.000  buoyancy_laplacian=0.997
    block_8      enstrophy=0.854  buoyancy_grad=0.999  convective_flux=0.892  okubo_weiss=0.839  velocity_buoyancy_coherence=0.582  pressure_grad_mag=1.000  buoyancy_laplacian=0.997
    block_9      enstrophy=0.545  buoyancy_grad=1.000  convective_flux=0.824  okubo_weiss=0.648  velocity_buoyancy_coherence=0.251  pressure_grad_mag=1.000  buoyancy_laplacian=1.000
    block_10     enstrophy=0.767  buoyancy_grad=1.000  convective_flux=0.772  okubo_weiss=0.795  velocity_buoyancy_coherence=0.678  pressure_grad_mag=1.000  buoyancy_laplacian=0.995
    block_11     enstrophy=0.072  buoyancy_grad=0.992  convective_flux=0.184  okubo_weiss=-0.054  velocity_buoyancy_coherence=0.271  pressure_grad_mag=0.998  buoyancy_laplacian=0.986
    block_12     enstrophy=-0.652  buoyancy_grad=0.992  convective_flux=0.213  okubo_weiss=-0.259  velocity_buoyancy_coherence=0.399  pressure_grad_mag=0.998  buoyancy_laplacian=0.988
    final_norm   enstrophy=-0.651  buoyancy_grad=0.997  convective_flux=0.301  okubo_weiss=-0.421  velocity_buoyancy_coherence=0.618  pressure_grad_mag=0.998  buoyancy_laplacian=0.984
  -- per-token NONLINEAR (MLP) probe --
    block_1      enstrophy=0.947  vorticity_signed=0.011  divergence=0.195  buoyancy_grad=1.000  convective_flux=0.499  okubo_weiss=0.904  velocity_buoyancy_coherence=0.350  pressure_grad_mag=1.000  buoyancy_laplacian=1.000
    block_2      enstrophy=0.941  vorticity_signed=0.147  divergence=0.262  buoyancy_grad=1.000  convective_flux=0.799  okubo_weiss=0.902  velocity_buoyancy_coherence=0.605  pressure_grad_mag=1.000  buoyancy_laplacian=1.000
    block_3      enstrophy=0.953  vorticity_signed=0.350  divergence=0.445  buoyancy_grad=1.000  convective_flux=0.894  okubo_weiss=0.903  velocity_buoyancy_coherence=0.756  pressure_grad_mag=1.000  buoyancy_laplacian=1.000
    block_4      enstrophy=0.965  vorticity_signed=0.351  divergence=0.403  buoyancy_grad=1.000  convective_flux=0.895  okubo_weiss=0.925  velocity_buoyancy_coherence=0.778  pressure_grad_mag=1.000  buoyancy_laplacian=1.000
    block_5      enstrophy=0.966  vorticity_signed=0.155  divergence=0.231  buoyancy_grad=1.000  convective_flux=0.875  okubo_weiss=0.919  velocity_buoyancy_coherence=0.754  pressure_grad_mag=1.000  buoyancy_laplacian=1.000
    block_6      enstrophy=0.964  vorticity_signed=0.168  divergence=0.243  buoyancy_grad=1.000  convective_flux=0.867  okubo_weiss=0.911  velocity_buoyancy_coherence=0.741  pressure_grad_mag=1.000  buoyancy_laplacian=1.000
    block_7      enstrophy=0.964  vorticity_signed=0.130  divergence=0.055  buoyancy_grad=1.000  convective_flux=0.849  okubo_weiss=0.920  velocity_buoyancy_coherence=0.694  pressure_grad_mag=1.000  buoyancy_laplacian=1.000
    block_8      enstrophy=0.962  vorticity_signed=0.091  divergence=0.060  buoyancy_grad=1.000  convective_flux=0.834  okubo_weiss=0.914  velocity_buoyancy_coherence=0.673  pressure_grad_mag=0.999  buoyancy_laplacian=1.000
    block_9      enstrophy=0.961  vorticity_signed=0.116  divergence=0.160  buoyancy_grad=1.000  convective_flux=0.817  okubo_weiss=0.915  velocity_buoyancy_coherence=0.669  pressure_grad_mag=0.999  buoyancy_laplacian=1.000
    block_10     enstrophy=0.962  vorticity_signed=0.013  divergence=0.070  buoyancy_grad=1.000  convective_flux=0.812  okubo_weiss=0.909  velocity_buoyancy_coherence=0.634  pressure_grad_mag=0.999  buoyancy_laplacian=1.000
    block_11     enstrophy=0.962  vorticity_signed=-0.287  divergence=-0.102  buoyancy_grad=1.000  convective_flux=0.727  okubo_weiss=0.895  velocity_buoyancy_coherence=0.518  pressure_grad_mag=0.999  buoyancy_laplacian=1.000
    block_12     enstrophy=0.958  vorticity_signed=-0.346  divergence=-0.218  buoyancy_grad=0.999  convective_flux=0.622  okubo_weiss=0.914  velocity_buoyancy_coherence=0.361  pressure_grad_mag=0.998  buoyancy_laplacian=0.999
    final_norm   enstrophy=0.954  vorticity_signed=-0.335  divergence=-0.194  buoyancy_grad=0.999  convective_flux=0.635  okubo_weiss=0.904  velocity_buoyancy_coherence=0.379  pressure_grad_mag=0.997  buoyancy_laplacian=0.999

=== checkpoints/rayleigh_benard_mae.pt ===
  -- per-token LINEAR probe (no pooling) --
    block_1      enstrophy=0.870  vorticity_signed=-0.001  divergence=0.004  buoyancy_grad=0.985  convective_flux=0.005  okubo_weiss=0.841  velocity_buoyancy_coherence=0.005  pressure_grad_mag=0.976  buoyancy_laplacian=0.988
    block_2      enstrophy=0.886  vorticity_signed=-0.001  divergence=0.005  buoyancy_grad=0.990  convective_flux=0.006  okubo_weiss=0.857  velocity_buoyancy_coherence=0.005  pressure_grad_mag=0.985  buoyancy_laplacian=0.992
    block_3      enstrophy=0.903  vorticity_signed=-0.001  divergence=0.006  buoyancy_grad=0.989  convective_flux=0.006  okubo_weiss=0.871  velocity_buoyancy_coherence=0.005  pressure_grad_mag=0.982  buoyancy_laplacian=0.991
    block_4      enstrophy=0.903  vorticity_signed=-0.002  divergence=0.006  buoyancy_grad=0.988  convective_flux=0.006  okubo_weiss=0.872  velocity_buoyancy_coherence=0.005  pressure_grad_mag=0.980  buoyancy_laplacian=0.989
    block_5      enstrophy=0.905  vorticity_signed=-0.002  divergence=0.004  buoyancy_grad=0.985  convective_flux=0.005  okubo_weiss=0.873  velocity_buoyancy_coherence=0.004  pressure_grad_mag=0.977  buoyancy_laplacian=0.987
    block_6      enstrophy=0.904  vorticity_signed=-0.002  divergence=0.003  buoyancy_grad=0.983  convective_flux=0.005  okubo_weiss=0.872  velocity_buoyancy_coherence=0.004  pressure_grad_mag=0.972  buoyancy_laplacian=0.985
    block_7      enstrophy=0.904  vorticity_signed=-0.003  divergence=0.002  buoyancy_grad=0.981  convective_flux=0.004  okubo_weiss=0.873  velocity_buoyancy_coherence=0.003  pressure_grad_mag=0.971  buoyancy_laplacian=0.983
    block_8      enstrophy=0.902  vorticity_signed=-0.003  divergence=0.001  buoyancy_grad=0.979  convective_flux=0.003  okubo_weiss=0.871  velocity_buoyancy_coherence=0.003  pressure_grad_mag=0.966  buoyancy_laplacian=0.981
    block_9      enstrophy=0.902  vorticity_signed=-0.003  divergence=0.001  buoyancy_grad=0.975  convective_flux=0.003  okubo_weiss=0.870  velocity_buoyancy_coherence=0.002  pressure_grad_mag=0.960  buoyancy_laplacian=0.977
    block_10     enstrophy=0.902  vorticity_signed=-0.003  divergence=0.001  buoyancy_grad=0.974  convective_flux=0.003  okubo_weiss=0.870  velocity_buoyancy_coherence=0.002  pressure_grad_mag=0.960  buoyancy_laplacian=0.976
    block_11     enstrophy=0.902  vorticity_signed=-0.003  divergence=0.000  buoyancy_grad=0.972  convective_flux=0.003  okubo_weiss=0.870  velocity_buoyancy_coherence=0.002  pressure_grad_mag=0.957  buoyancy_laplacian=0.974
    block_12     enstrophy=0.902  vorticity_signed=-0.003  divergence=0.000  buoyancy_grad=0.969  convective_flux=0.002  okubo_weiss=0.870  velocity_buoyancy_coherence=0.002  pressure_grad_mag=0.956  buoyancy_laplacian=0.972
    final_norm   enstrophy=0.903  vorticity_signed=-0.003  divergence=0.000  buoyancy_grad=0.967  convective_flux=0.002  okubo_weiss=0.872  velocity_buoyancy_coherence=0.002  pressure_grad_mag=0.958  buoyancy_laplacian=0.968
  -- pooled NONLINEAR (MLP) probe --
    block_1      enstrophy=0.457  buoyancy_grad=1.000  convective_flux=0.716  okubo_weiss=0.496  velocity_buoyancy_coherence=-0.184  pressure_grad_mag=1.000  buoyancy_laplacian=0.998
    block_2      enstrophy=0.151  buoyancy_grad=1.000  convective_flux=0.355  okubo_weiss=0.221  velocity_buoyancy_coherence=-0.103  pressure_grad_mag=1.000  buoyancy_laplacian=0.990
    block_3      enstrophy=0.310  buoyancy_grad=1.000  convective_flux=0.403  okubo_weiss=0.308  velocity_buoyancy_coherence=-0.255  pressure_grad_mag=1.000  buoyancy_laplacian=0.985
    block_4      enstrophy=0.581  buoyancy_grad=1.000  convective_flux=0.739  okubo_weiss=0.590  velocity_buoyancy_coherence=-0.135  pressure_grad_mag=1.000  buoyancy_laplacian=0.998
    block_5      enstrophy=0.354  buoyancy_grad=1.000  convective_flux=0.548  okubo_weiss=0.401  velocity_buoyancy_coherence=-0.271  pressure_grad_mag=1.000  buoyancy_laplacian=0.993
    block_6      enstrophy=0.159  buoyancy_grad=1.000  convective_flux=0.386  okubo_weiss=0.156  velocity_buoyancy_coherence=-0.240  pressure_grad_mag=1.000  buoyancy_laplacian=0.992
    block_7      enstrophy=0.251  buoyancy_grad=0.997  convective_flux=0.504  okubo_weiss=0.275  velocity_buoyancy_coherence=-0.160  pressure_grad_mag=0.999  buoyancy_laplacian=0.989
    block_8      enstrophy=0.298  buoyancy_grad=1.000  convective_flux=0.599  okubo_weiss=0.378  velocity_buoyancy_coherence=-0.127  pressure_grad_mag=1.000  buoyancy_laplacian=0.995
    block_9      enstrophy=0.210  buoyancy_grad=1.000  convective_flux=0.633  okubo_weiss=0.256  velocity_buoyancy_coherence=-0.205  pressure_grad_mag=1.000  buoyancy_laplacian=1.000
    block_10     enstrophy=0.118  buoyancy_grad=1.000  convective_flux=0.343  okubo_weiss=0.156  velocity_buoyancy_coherence=-0.176  pressure_grad_mag=1.000  buoyancy_laplacian=0.994
    block_11     enstrophy=0.404  buoyancy_grad=1.000  convective_flux=0.543  okubo_weiss=0.413  velocity_buoyancy_coherence=-0.126  pressure_grad_mag=1.000  buoyancy_laplacian=0.992
    block_12     enstrophy=0.594  buoyancy_grad=1.000  convective_flux=0.688  okubo_weiss=0.598  velocity_buoyancy_coherence=-0.160  pressure_grad_mag=1.000  buoyancy_laplacian=0.996
    final_norm   enstrophy=0.426  buoyancy_grad=1.000  convective_flux=0.557  okubo_weiss=0.508  velocity_buoyancy_coherence=-0.169  pressure_grad_mag=1.000  buoyancy_laplacian=0.987
  -- per-token NONLINEAR (MLP) probe --
    block_1      enstrophy=0.960  vorticity_signed=-0.012  divergence=0.104  buoyancy_grad=1.000  convective_flux=0.067  okubo_weiss=0.911  velocity_buoyancy_coherence=0.059  pressure_grad_mag=1.000  buoyancy_laplacian=1.000
    block_2      enstrophy=0.954  vorticity_signed=-0.020  divergence=0.096  buoyancy_grad=1.000  convective_flux=0.037  okubo_weiss=0.912  velocity_buoyancy_coherence=0.054  pressure_grad_mag=1.000  buoyancy_laplacian=1.000
    block_3      enstrophy=0.962  vorticity_signed=-0.080  divergence=0.114  buoyancy_grad=1.000  convective_flux=-0.009  okubo_weiss=0.910  velocity_buoyancy_coherence=-0.009  pressure_grad_mag=1.000  buoyancy_laplacian=1.000
    block_4      enstrophy=0.959  vorticity_signed=-0.047  divergence=0.003  buoyancy_grad=1.000  convective_flux=-0.041  okubo_weiss=0.912  velocity_buoyancy_coherence=-0.015  pressure_grad_mag=1.000  buoyancy_laplacian=1.000
    block_5      enstrophy=0.962  vorticity_signed=-0.113  divergence=-0.049  buoyancy_grad=1.000  convective_flux=-0.059  okubo_weiss=0.915  velocity_buoyancy_coherence=-0.049  pressure_grad_mag=1.000  buoyancy_laplacian=1.000
    block_6      enstrophy=0.960  vorticity_signed=-0.185  divergence=-0.122  buoyancy_grad=1.000  convective_flux=-0.080  okubo_weiss=0.906  velocity_buoyancy_coherence=-0.047  pressure_grad_mag=1.000  buoyancy_laplacian=1.000
    block_7      enstrophy=0.963  vorticity_signed=-0.236  divergence=-0.198  buoyancy_grad=1.000  convective_flux=-0.159  okubo_weiss=0.917  velocity_buoyancy_coherence=-0.165  pressure_grad_mag=1.000  buoyancy_laplacian=1.000
    block_8      enstrophy=0.959  vorticity_signed=-0.196  divergence=-0.183  buoyancy_grad=1.000  convective_flux=-0.111  okubo_weiss=0.911  velocity_buoyancy_coherence=-0.074  pressure_grad_mag=1.000  buoyancy_laplacian=1.000
    block_9      enstrophy=0.959  vorticity_signed=-0.244  divergence=-0.134  buoyancy_grad=1.000  convective_flux=-0.211  okubo_weiss=0.914  velocity_buoyancy_coherence=-0.163  pressure_grad_mag=1.000  buoyancy_laplacian=1.000
    block_10     enstrophy=0.961  vorticity_signed=-0.173  divergence=-0.147  buoyancy_grad=1.000  convective_flux=-0.157  okubo_weiss=0.912  velocity_buoyancy_coherence=-0.127  pressure_grad_mag=0.999  buoyancy_laplacian=1.000
    block_11     enstrophy=0.967  vorticity_signed=-0.194  divergence=-0.150  buoyancy_grad=1.000  convective_flux=-0.106  okubo_weiss=0.910  velocity_buoyancy_coherence=-0.096  pressure_grad_mag=1.000  buoyancy_laplacian=1.000
    block_12     enstrophy=0.961  vorticity_signed=-0.202  divergence=-0.171  buoyancy_grad=1.000  convective_flux=-0.147  okubo_weiss=0.920  velocity_buoyancy_coherence=-0.150  pressure_grad_mag=0.999  buoyancy_laplacian=1.000
    final_norm   enstrophy=0.967  vorticity_signed=-0.169  divergence=-0.192  buoyancy_grad=1.000  convective_flux=-0.148  okubo_weiss=0.915  velocity_buoyancy_coherence=-0.160  pressure_grad_mag=0.999  buoyancy_laplacian=1.000

wrote sweep_results/rayleigh_benard_nonpooled.json
