4200 samples total
  enstrophy: mean=0.0087 std=0.0127
  buoyancy_grad: mean=0.0751 std=0.0258
  convective_flux: mean=0.0575 std=0.0834
  okubo_weiss: mean=0.0075 std=0.0104
  velocity_buoyancy_coherence: mean=0.0583 std=0.0676
  pressure_grad_mag: mean=0.0383 std=0.0168
  buoyancy_laplacian: mean=0.1348 std=0.1453

=== checkpoints/rayleigh_benard_jepa.pt ===
  noise_std=   0.0  block_1      enstrophy=0.824  buoyancy_grad=0.704  convective_flux=0.901  okubo_weiss=0.841  velocity_buoyancy_coherence=0.828  pressure_grad_mag=0.971  buoyancy_laplacian=0.716
  noise_std=   0.0  block_2      enstrophy=0.873  buoyancy_grad=0.757  convective_flux=0.930  okubo_weiss=0.886  velocity_buoyancy_coherence=0.848  pressure_grad_mag=0.978  buoyancy_laplacian=0.745
  noise_std=   0.0  block_3      enstrophy=0.896  buoyancy_grad=0.777  convective_flux=0.946  okubo_weiss=0.909  velocity_buoyancy_coherence=0.876  pressure_grad_mag=0.984  buoyancy_laplacian=0.785
  noise_std=   0.0  block_4      enstrophy=0.916  buoyancy_grad=0.795  convective_flux=0.957  okubo_weiss=0.928  velocity_buoyancy_coherence=0.892  pressure_grad_mag=0.987  buoyancy_laplacian=0.813
  noise_std=   0.0  block_5      enstrophy=0.934  buoyancy_grad=0.811  convective_flux=0.964  okubo_weiss=0.944  velocity_buoyancy_coherence=0.909  pressure_grad_mag=0.991  buoyancy_laplacian=0.829
  noise_std=   0.0  block_6      enstrophy=0.951  buoyancy_grad=0.832  convective_flux=0.969  okubo_weiss=0.959  velocity_buoyancy_coherence=0.920  pressure_grad_mag=0.994  buoyancy_laplacian=0.849
  noise_std=   0.0  block_7      enstrophy=0.967  buoyancy_grad=0.850  convective_flux=0.972  okubo_weiss=0.973  velocity_buoyancy_coherence=0.923  pressure_grad_mag=0.996  buoyancy_laplacian=0.864
  noise_std=   0.0  block_8      enstrophy=0.977  buoyancy_grad=0.868  convective_flux=0.977  okubo_weiss=0.982  velocity_buoyancy_coherence=0.929  pressure_grad_mag=0.997  buoyancy_laplacian=0.879
  noise_std=   0.0  block_9      enstrophy=0.983  buoyancy_grad=0.883  convective_flux=0.979  okubo_weiss=0.986  velocity_buoyancy_coherence=0.932  pressure_grad_mag=0.997  buoyancy_laplacian=0.897
  noise_std=   0.0  block_10     enstrophy=0.981  buoyancy_grad=0.885  convective_flux=0.979  okubo_weiss=0.984  velocity_buoyancy_coherence=0.933  pressure_grad_mag=0.997  buoyancy_laplacian=0.898
  noise_std=   0.0  block_11     enstrophy=0.977  buoyancy_grad=0.870  convective_flux=0.974  okubo_weiss=0.980  velocity_buoyancy_coherence=0.929  pressure_grad_mag=0.996  buoyancy_laplacian=0.883
  noise_std=   0.0  block_12     enstrophy=0.972  buoyancy_grad=0.855  convective_flux=0.970  okubo_weiss=0.976  velocity_buoyancy_coherence=0.926  pressure_grad_mag=0.995  buoyancy_laplacian=0.871
  noise_std=   0.0  final_norm   enstrophy=0.963  buoyancy_grad=0.851  convective_flux=0.965  okubo_weiss=0.967  velocity_buoyancy_coherence=0.923  pressure_grad_mag=0.993  buoyancy_laplacian=0.867
  noise_std=   0.1  block_1      enstrophy=0.821  buoyancy_grad=0.703  convective_flux=0.900  okubo_weiss=0.839  velocity_buoyancy_coherence=0.825  pressure_grad_mag=0.970  buoyancy_laplacian=0.712
  noise_std=   0.1  block_2      enstrophy=0.870  buoyancy_grad=0.750  convective_flux=0.928  okubo_weiss=0.884  velocity_buoyancy_coherence=0.848  pressure_grad_mag=0.978  buoyancy_laplacian=0.740
  noise_std=   0.1  block_3      enstrophy=0.892  buoyancy_grad=0.768  convective_flux=0.944  okubo_weiss=0.906  velocity_buoyancy_coherence=0.870  pressure_grad_mag=0.983  buoyancy_laplacian=0.774
  noise_std=   0.1  block_4      enstrophy=0.911  buoyancy_grad=0.788  convective_flux=0.954  okubo_weiss=0.925  velocity_buoyancy_coherence=0.887  pressure_grad_mag=0.987  buoyancy_laplacian=0.809
  noise_std=   0.1  block_5      enstrophy=0.934  buoyancy_grad=0.803  convective_flux=0.964  okubo_weiss=0.944  velocity_buoyancy_coherence=0.907  pressure_grad_mag=0.991  buoyancy_laplacian=0.823
  noise_std=   0.1  block_6      enstrophy=0.952  buoyancy_grad=0.826  convective_flux=0.968  okubo_weiss=0.960  velocity_buoyancy_coherence=0.917  pressure_grad_mag=0.994  buoyancy_laplacian=0.843
  noise_std=   0.1  block_7      enstrophy=0.967  buoyancy_grad=0.847  convective_flux=0.973  okubo_weiss=0.973  velocity_buoyancy_coherence=0.923  pressure_grad_mag=0.996  buoyancy_laplacian=0.861
  noise_std=   0.1  block_8      enstrophy=0.978  buoyancy_grad=0.870  convective_flux=0.979  okubo_weiss=0.982  velocity_buoyancy_coherence=0.929  pressure_grad_mag=0.997  buoyancy_laplacian=0.878
  noise_std=   0.1  block_9      enstrophy=0.983  buoyancy_grad=0.883  convective_flux=0.980  okubo_weiss=0.986  velocity_buoyancy_coherence=0.932  pressure_grad_mag=0.997  buoyancy_laplacian=0.896
  noise_std=   0.1  block_10     enstrophy=0.982  buoyancy_grad=0.884  convective_flux=0.980  okubo_weiss=0.984  velocity_buoyancy_coherence=0.934  pressure_grad_mag=0.997  buoyancy_laplacian=0.897
  noise_std=   0.1  block_11     enstrophy=0.979  buoyancy_grad=0.874  convective_flux=0.978  okubo_weiss=0.982  velocity_buoyancy_coherence=0.933  pressure_grad_mag=0.997  buoyancy_laplacian=0.889
  noise_std=   0.1  block_12     enstrophy=0.974  buoyancy_grad=0.860  convective_flux=0.973  okubo_weiss=0.978  velocity_buoyancy_coherence=0.930  pressure_grad_mag=0.996  buoyancy_laplacian=0.876
  noise_std=   0.1  final_norm   enstrophy=0.966  buoyancy_grad=0.856  convective_flux=0.969  okubo_weiss=0.969  velocity_buoyancy_coherence=0.927  pressure_grad_mag=0.994  buoyancy_laplacian=0.871
  noise_std=  0.25  block_1      enstrophy=0.815  buoyancy_grad=0.689  convective_flux=0.894  okubo_weiss=0.834  velocity_buoyancy_coherence=0.818  pressure_grad_mag=0.969  buoyancy_laplacian=0.698
  noise_std=  0.25  block_2      enstrophy=0.864  buoyancy_grad=0.734  convective_flux=0.921  okubo_weiss=0.881  velocity_buoyancy_coherence=0.842  pressure_grad_mag=0.977  buoyancy_laplacian=0.723
  noise_std=  0.25  block_3      enstrophy=0.886  buoyancy_grad=0.753  convective_flux=0.934  okubo_weiss=0.902  velocity_buoyancy_coherence=0.860  pressure_grad_mag=0.982  buoyancy_laplacian=0.755
  noise_std=  0.25  block_4      enstrophy=0.908  buoyancy_grad=0.773  convective_flux=0.948  okubo_weiss=0.923  velocity_buoyancy_coherence=0.878  pressure_grad_mag=0.987  buoyancy_laplacian=0.789
  noise_std=  0.25  block_5      enstrophy=0.931  buoyancy_grad=0.791  convective_flux=0.959  okubo_weiss=0.942  velocity_buoyancy_coherence=0.897  pressure_grad_mag=0.991  buoyancy_laplacian=0.806
  noise_std=  0.25  block_6      enstrophy=0.949  buoyancy_grad=0.814  convective_flux=0.964  okubo_weiss=0.958  velocity_buoyancy_coherence=0.908  pressure_grad_mag=0.993  buoyancy_laplacian=0.827
  noise_std=  0.25  block_7      enstrophy=0.966  buoyancy_grad=0.837  convective_flux=0.971  okubo_weiss=0.972  velocity_buoyancy_coherence=0.915  pressure_grad_mag=0.996  buoyancy_laplacian=0.848
  noise_std=  0.25  block_8      enstrophy=0.976  buoyancy_grad=0.864  convective_flux=0.978  okubo_weiss=0.981  velocity_buoyancy_coherence=0.922  pressure_grad_mag=0.997  buoyancy_laplacian=0.869
  noise_std=  0.25  block_9      enstrophy=0.981  buoyancy_grad=0.874  convective_flux=0.980  okubo_weiss=0.984  velocity_buoyancy_coherence=0.927  pressure_grad_mag=0.997  buoyancy_laplacian=0.884
  noise_std=  0.25  block_10     enstrophy=0.981  buoyancy_grad=0.877  convective_flux=0.980  okubo_weiss=0.984  velocity_buoyancy_coherence=0.932  pressure_grad_mag=0.997  buoyancy_laplacian=0.887
  noise_std=  0.25  block_11     enstrophy=0.979  buoyancy_grad=0.870  convective_flux=0.978  okubo_weiss=0.982  velocity_buoyancy_coherence=0.931  pressure_grad_mag=0.997  buoyancy_laplacian=0.882
  noise_std=  0.25  block_12     enstrophy=0.973  buoyancy_grad=0.858  convective_flux=0.975  okubo_weiss=0.978  velocity_buoyancy_coherence=0.929  pressure_grad_mag=0.996  buoyancy_laplacian=0.870
  noise_std=  0.25  final_norm   enstrophy=0.965  buoyancy_grad=0.854  convective_flux=0.970  okubo_weiss=0.969  velocity_buoyancy_coherence=0.925  pressure_grad_mag=0.994  buoyancy_laplacian=0.866
  noise_std=   0.5  block_1      enstrophy=0.804  buoyancy_grad=0.665  convective_flux=0.875  okubo_weiss=0.827  velocity_buoyancy_coherence=0.809  pressure_grad_mag=0.968  buoyancy_laplacian=0.678
  noise_std=   0.5  block_2      enstrophy=0.850  buoyancy_grad=0.704  convective_flux=0.905  okubo_weiss=0.870  velocity_buoyancy_coherence=0.824  pressure_grad_mag=0.975  buoyancy_laplacian=0.699
  noise_std=   0.5  block_3      enstrophy=0.871  buoyancy_grad=0.724  convective_flux=0.918  okubo_weiss=0.891  velocity_buoyancy_coherence=0.838  pressure_grad_mag=0.980  buoyancy_laplacian=0.725
  noise_std=   0.5  block_4      enstrophy=0.899  buoyancy_grad=0.751  convective_flux=0.936  okubo_weiss=0.916  velocity_buoyancy_coherence=0.861  pressure_grad_mag=0.986  buoyancy_laplacian=0.762
  noise_std=   0.5  block_5      enstrophy=0.921  buoyancy_grad=0.771  convective_flux=0.948  okubo_weiss=0.935  velocity_buoyancy_coherence=0.875  pressure_grad_mag=0.990  buoyancy_laplacian=0.782
  noise_std=   0.5  block_6      enstrophy=0.943  buoyancy_grad=0.797  convective_flux=0.957  okubo_weiss=0.953  velocity_buoyancy_coherence=0.888  pressure_grad_mag=0.993  buoyancy_laplacian=0.806
  noise_std=   0.5  block_7      enstrophy=0.961  buoyancy_grad=0.816  convective_flux=0.966  okubo_weiss=0.969  velocity_buoyancy_coherence=0.896  pressure_grad_mag=0.995  buoyancy_laplacian=0.825
  noise_std=   0.5  block_8      enstrophy=0.972  buoyancy_grad=0.845  convective_flux=0.974  okubo_weiss=0.978  velocity_buoyancy_coherence=0.904  pressure_grad_mag=0.996  buoyancy_laplacian=0.846
  noise_std=   0.5  block_9      enstrophy=0.976  buoyancy_grad=0.853  convective_flux=0.979  okubo_weiss=0.981  velocity_buoyancy_coherence=0.912  pressure_grad_mag=0.997  buoyancy_laplacian=0.858
  noise_std=   0.5  block_10     enstrophy=0.977  buoyancy_grad=0.858  convective_flux=0.979  okubo_weiss=0.982  velocity_buoyancy_coherence=0.922  pressure_grad_mag=0.997  buoyancy_laplacian=0.861
  noise_std=   0.5  block_11     enstrophy=0.974  buoyancy_grad=0.855  convective_flux=0.979  okubo_weiss=0.980  velocity_buoyancy_coherence=0.922  pressure_grad_mag=0.997  buoyancy_laplacian=0.862
  noise_std=   0.5  block_12     enstrophy=0.970  buoyancy_grad=0.844  convective_flux=0.978  okubo_weiss=0.976  velocity_buoyancy_coherence=0.920  pressure_grad_mag=0.996  buoyancy_laplacian=0.856
  noise_std=   0.5  final_norm   enstrophy=0.964  buoyancy_grad=0.839  convective_flux=0.974  okubo_weiss=0.970  velocity_buoyancy_coherence=0.917  pressure_grad_mag=0.995  buoyancy_laplacian=0.853
  noise_std=   1.0  block_1      enstrophy=0.784  buoyancy_grad=0.611  convective_flux=0.835  okubo_weiss=0.811  velocity_buoyancy_coherence=0.786  pressure_grad_mag=0.965  buoyancy_laplacian=0.632
  noise_std=   1.0  block_2      enstrophy=0.816  buoyancy_grad=0.644  convective_flux=0.863  okubo_weiss=0.841  velocity_buoyancy_coherence=0.795  pressure_grad_mag=0.970  buoyancy_laplacian=0.646
  noise_std=   1.0  block_3      enstrophy=0.838  buoyancy_grad=0.670  convective_flux=0.881  okubo_weiss=0.862  velocity_buoyancy_coherence=0.807  pressure_grad_mag=0.975  buoyancy_laplacian=0.674
  noise_std=   1.0  block_4      enstrophy=0.874  buoyancy_grad=0.702  convective_flux=0.903  okubo_weiss=0.896  velocity_buoyancy_coherence=0.822  pressure_grad_mag=0.982  buoyancy_laplacian=0.708
  noise_std=   1.0  block_5      enstrophy=0.900  buoyancy_grad=0.726  convective_flux=0.919  okubo_weiss=0.919  velocity_buoyancy_coherence=0.831  pressure_grad_mag=0.987  buoyancy_laplacian=0.731
  noise_std=   1.0  block_6      enstrophy=0.923  buoyancy_grad=0.748  convective_flux=0.934  okubo_weiss=0.938  velocity_buoyancy_coherence=0.840  pressure_grad_mag=0.990  buoyancy_laplacian=0.749
  noise_std=   1.0  block_7      enstrophy=0.942  buoyancy_grad=0.766  convective_flux=0.948  okubo_weiss=0.955  velocity_buoyancy_coherence=0.848  pressure_grad_mag=0.993  buoyancy_laplacian=0.767
  noise_std=   1.0  block_8      enstrophy=0.953  buoyancy_grad=0.785  convective_flux=0.961  okubo_weiss=0.965  velocity_buoyancy_coherence=0.861  pressure_grad_mag=0.994  buoyancy_laplacian=0.780
  noise_std=   1.0  block_9      enstrophy=0.957  buoyancy_grad=0.796  convective_flux=0.966  okubo_weiss=0.969  velocity_buoyancy_coherence=0.872  pressure_grad_mag=0.995  buoyancy_laplacian=0.787
  noise_std=   1.0  block_10     enstrophy=0.957  buoyancy_grad=0.803  convective_flux=0.969  okubo_weiss=0.969  velocity_buoyancy_coherence=0.884  pressure_grad_mag=0.995  buoyancy_laplacian=0.794
  noise_std=   1.0  block_11     enstrophy=0.956  buoyancy_grad=0.798  convective_flux=0.970  okubo_weiss=0.969  velocity_buoyancy_coherence=0.886  pressure_grad_mag=0.995  buoyancy_laplacian=0.791
  noise_std=   1.0  block_12     enstrophy=0.953  buoyancy_grad=0.790  convective_flux=0.971  okubo_weiss=0.966  velocity_buoyancy_coherence=0.886  pressure_grad_mag=0.995  buoyancy_laplacian=0.790
  noise_std=   1.0  final_norm   enstrophy=0.949  buoyancy_grad=0.787  convective_flux=0.968  okubo_weiss=0.962  velocity_buoyancy_coherence=0.886  pressure_grad_mag=0.994  buoyancy_laplacian=0.787
  noise_std=   2.0  block_1      enstrophy=0.743  buoyancy_grad=0.548  convective_flux=0.770  okubo_weiss=0.778  velocity_buoyancy_coherence=0.719  pressure_grad_mag=0.958  buoyancy_laplacian=0.553
  noise_std=   2.0  block_2      enstrophy=0.760  buoyancy_grad=0.559  convective_flux=0.782  okubo_weiss=0.792  velocity_buoyancy_coherence=0.725  pressure_grad_mag=0.963  buoyancy_laplacian=0.551
  noise_std=   2.0  block_3      enstrophy=0.780  buoyancy_grad=0.571  convective_flux=0.799  okubo_weiss=0.813  velocity_buoyancy_coherence=0.734  pressure_grad_mag=0.969  buoyancy_laplacian=0.565
  noise_std=   2.0  block_4      enstrophy=0.818  buoyancy_grad=0.601  convective_flux=0.824  okubo_weiss=0.849  velocity_buoyancy_coherence=0.747  pressure_grad_mag=0.976  buoyancy_laplacian=0.590
  noise_std=   2.0  block_5      enstrophy=0.845  buoyancy_grad=0.630  convective_flux=0.843  okubo_weiss=0.874  velocity_buoyancy_coherence=0.755  pressure_grad_mag=0.980  buoyancy_laplacian=0.614
  noise_std=   2.0  block_6      enstrophy=0.865  buoyancy_grad=0.653  convective_flux=0.863  okubo_weiss=0.891  velocity_buoyancy_coherence=0.762  pressure_grad_mag=0.984  buoyancy_laplacian=0.633
  noise_std=   2.0  block_7      enstrophy=0.886  buoyancy_grad=0.665  convective_flux=0.891  okubo_weiss=0.911  velocity_buoyancy_coherence=0.771  pressure_grad_mag=0.987  buoyancy_laplacian=0.647
  noise_std=   2.0  block_8      enstrophy=0.895  buoyancy_grad=0.673  convective_flux=0.914  okubo_weiss=0.919  velocity_buoyancy_coherence=0.776  pressure_grad_mag=0.988  buoyancy_laplacian=0.655
  noise_std=   2.0  block_9      enstrophy=0.899  buoyancy_grad=0.680  convective_flux=0.918  okubo_weiss=0.924  velocity_buoyancy_coherence=0.787  pressure_grad_mag=0.989  buoyancy_laplacian=0.663
  noise_std=   2.0  block_10     enstrophy=0.898  buoyancy_grad=0.685  convective_flux=0.925  okubo_weiss=0.924  velocity_buoyancy_coherence=0.795  pressure_grad_mag=0.989  buoyancy_laplacian=0.664
  noise_std=   2.0  block_11     enstrophy=0.899  buoyancy_grad=0.684  convective_flux=0.930  okubo_weiss=0.924  velocity_buoyancy_coherence=0.799  pressure_grad_mag=0.988  buoyancy_laplacian=0.662
  noise_std=   2.0  block_12     enstrophy=0.899  buoyancy_grad=0.683  convective_flux=0.931  okubo_weiss=0.925  velocity_buoyancy_coherence=0.803  pressure_grad_mag=0.988  buoyancy_laplacian=0.663
  noise_std=   2.0  final_norm   enstrophy=0.896  buoyancy_grad=0.684  convective_flux=0.930  okubo_weiss=0.921  velocity_buoyancy_coherence=0.805  pressure_grad_mag=0.988  buoyancy_laplacian=0.666
  -- per-token --
    noise_std=   0.0  block_1      enstrophy=0.734  vorticity_signed=0.997  divergence=0.994  buoyancy_grad=0.951  convective_flux=0.979  okubo_weiss=0.626  velocity_buoyancy_coherence=0.911  pressure_grad_mag=0.779  buoyancy_laplacian=0.929
    noise_std=   0.0  block_2      enstrophy=0.758  vorticity_signed=0.997  divergence=0.994  buoyancy_grad=0.955  convective_flux=0.980  okubo_weiss=0.658  velocity_buoyancy_coherence=0.920  pressure_grad_mag=0.797  buoyancy_laplacian=0.937
    noise_std=   0.0  block_3      enstrophy=0.784  vorticity_signed=0.998  divergence=0.994  buoyancy_grad=0.961  convective_flux=0.981  okubo_weiss=0.715  velocity_buoyancy_coherence=0.936  pressure_grad_mag=0.820  buoyancy_laplacian=0.943
    noise_std=   0.0  block_4      enstrophy=0.814  vorticity_signed=0.997  divergence=0.993  buoyancy_grad=0.967  convective_flux=0.982  okubo_weiss=0.762  velocity_buoyancy_coherence=0.947  pressure_grad_mag=0.840  buoyancy_laplacian=0.948
    noise_std=   0.0  block_5      enstrophy=0.835  vorticity_signed=0.995  divergence=0.990  buoyancy_grad=0.972  convective_flux=0.982  okubo_weiss=0.800  velocity_buoyancy_coherence=0.947  pressure_grad_mag=0.864  buoyancy_laplacian=0.951
    noise_std=   0.0  block_6      enstrophy=0.858  vorticity_signed=0.991  divergence=0.985  buoyancy_grad=0.974  convective_flux=0.980  okubo_weiss=0.835  velocity_buoyancy_coherence=0.936  pressure_grad_mag=0.880  buoyancy_laplacian=0.953
    noise_std=   0.0  block_7      enstrophy=0.866  vorticity_signed=0.984  divergence=0.977  buoyancy_grad=0.971  convective_flux=0.977  okubo_weiss=0.854  velocity_buoyancy_coherence=0.928  pressure_grad_mag=0.880  buoyancy_laplacian=0.952
    noise_std=   0.0  block_8      enstrophy=0.868  vorticity_signed=0.974  divergence=0.963  buoyancy_grad=0.968  convective_flux=0.974  okubo_weiss=0.844  velocity_buoyancy_coherence=0.918  pressure_grad_mag=0.881  buoyancy_laplacian=0.951
    noise_std=   0.0  block_9      enstrophy=0.857  vorticity_signed=0.959  divergence=0.947  buoyancy_grad=0.963  convective_flux=0.969  okubo_weiss=0.825  velocity_buoyancy_coherence=0.906  pressure_grad_mag=0.872  buoyancy_laplacian=0.949
    noise_std=   0.0  block_10     enstrophy=0.850  vorticity_signed=0.945  divergence=0.926  buoyancy_grad=0.960  convective_flux=0.966  okubo_weiss=0.808  velocity_buoyancy_coherence=0.899  pressure_grad_mag=0.864  buoyancy_laplacian=0.946
    noise_std=   0.0  block_11     enstrophy=0.842  vorticity_signed=0.923  divergence=0.901  buoyancy_grad=0.952  convective_flux=0.958  okubo_weiss=0.788  velocity_buoyancy_coherence=0.878  pressure_grad_mag=0.852  buoyancy_laplacian=0.940
    noise_std=   0.0  block_12     enstrophy=0.830  vorticity_signed=0.896  divergence=0.879  buoyancy_grad=0.940  convective_flux=0.944  okubo_weiss=0.761  velocity_buoyancy_coherence=0.859  pressure_grad_mag=0.830  buoyancy_laplacian=0.933
    noise_std=   0.0  final_norm   enstrophy=0.810  vorticity_signed=0.856  divergence=0.845  buoyancy_grad=0.941  convective_flux=0.916  okubo_weiss=0.721  velocity_buoyancy_coherence=0.859  pressure_grad_mag=0.814  buoyancy_laplacian=0.931
    noise_std=   0.1  block_1      enstrophy=0.730  vorticity_signed=0.995  divergence=0.987  buoyancy_grad=0.947  convective_flux=0.978  okubo_weiss=0.619  velocity_buoyancy_coherence=0.887  pressure_grad_mag=0.773  buoyancy_laplacian=0.926
    noise_std=   0.1  block_2      enstrophy=0.752  vorticity_signed=0.996  divergence=0.987  buoyancy_grad=0.950  convective_flux=0.979  okubo_weiss=0.649  velocity_buoyancy_coherence=0.899  pressure_grad_mag=0.790  buoyancy_laplacian=0.934
    noise_std=   0.1  block_3      enstrophy=0.775  vorticity_signed=0.996  divergence=0.987  buoyancy_grad=0.954  convective_flux=0.980  okubo_weiss=0.702  velocity_buoyancy_coherence=0.910  pressure_grad_mag=0.809  buoyancy_laplacian=0.937
    noise_std=   0.1  block_4      enstrophy=0.802  vorticity_signed=0.995  divergence=0.987  buoyancy_grad=0.958  convective_flux=0.981  okubo_weiss=0.746  velocity_buoyancy_coherence=0.917  pressure_grad_mag=0.826  buoyancy_laplacian=0.941
    noise_std=   0.1  block_5      enstrophy=0.823  vorticity_signed=0.992  divergence=0.984  buoyancy_grad=0.962  convective_flux=0.981  okubo_weiss=0.783  velocity_buoyancy_coherence=0.918  pressure_grad_mag=0.852  buoyancy_laplacian=0.944
    noise_std=   0.1  block_6      enstrophy=0.844  vorticity_signed=0.988  divergence=0.977  buoyancy_grad=0.964  convective_flux=0.979  okubo_weiss=0.820  velocity_buoyancy_coherence=0.907  pressure_grad_mag=0.867  buoyancy_laplacian=0.944
    noise_std=   0.1  block_7      enstrophy=0.856  vorticity_signed=0.980  divergence=0.968  buoyancy_grad=0.962  convective_flux=0.975  okubo_weiss=0.836  velocity_buoyancy_coherence=0.898  pressure_grad_mag=0.868  buoyancy_laplacian=0.943
    noise_std=   0.1  block_8      enstrophy=0.857  vorticity_signed=0.967  divergence=0.951  buoyancy_grad=0.960  convective_flux=0.970  okubo_weiss=0.828  velocity_buoyancy_coherence=0.887  pressure_grad_mag=0.870  buoyancy_laplacian=0.943
    noise_std=   0.1  block_9      enstrophy=0.846  vorticity_signed=0.951  divergence=0.934  buoyancy_grad=0.957  convective_flux=0.966  okubo_weiss=0.808  velocity_buoyancy_coherence=0.873  pressure_grad_mag=0.860  buoyancy_laplacian=0.943
    noise_std=   0.1  block_10     enstrophy=0.841  vorticity_signed=0.934  divergence=0.913  buoyancy_grad=0.954  convective_flux=0.962  okubo_weiss=0.791  velocity_buoyancy_coherence=0.864  pressure_grad_mag=0.854  buoyancy_laplacian=0.939
    noise_std=   0.1  block_11     enstrophy=0.834  vorticity_signed=0.913  divergence=0.891  buoyancy_grad=0.947  convective_flux=0.956  okubo_weiss=0.771  velocity_buoyancy_coherence=0.849  pressure_grad_mag=0.845  buoyancy_laplacian=0.934
    noise_std=   0.1  block_12     enstrophy=0.824  vorticity_signed=0.890  divergence=0.869  buoyancy_grad=0.934  convective_flux=0.945  okubo_weiss=0.743  velocity_buoyancy_coherence=0.830  pressure_grad_mag=0.830  buoyancy_laplacian=0.927
    noise_std=   0.1  final_norm   enstrophy=0.795  vorticity_signed=0.826  divergence=0.808  buoyancy_grad=0.936  convective_flux=0.906  okubo_weiss=0.681  velocity_buoyancy_coherence=0.817  pressure_grad_mag=0.811  buoyancy_laplacian=0.923
    noise_std=  0.25  block_1      enstrophy=0.717  vorticity_signed=0.987  divergence=0.968  buoyancy_grad=0.930  convective_flux=0.977  okubo_weiss=0.596  velocity_buoyancy_coherence=0.853  pressure_grad_mag=0.747  buoyancy_laplacian=0.907
    noise_std=  0.25  block_2      enstrophy=0.738  vorticity_signed=0.989  divergence=0.969  buoyancy_grad=0.933  convective_flux=0.977  okubo_weiss=0.622  velocity_buoyancy_coherence=0.863  pressure_grad_mag=0.764  buoyancy_laplacian=0.917
    noise_std=  0.25  block_3      enstrophy=0.753  vorticity_signed=0.989  divergence=0.970  buoyancy_grad=0.934  convective_flux=0.977  okubo_weiss=0.667  velocity_buoyancy_coherence=0.866  pressure_grad_mag=0.778  buoyancy_laplacian=0.920
    noise_std=  0.25  block_4      enstrophy=0.775  vorticity_signed=0.987  divergence=0.969  buoyancy_grad=0.938  convective_flux=0.977  okubo_weiss=0.714  velocity_buoyancy_coherence=0.869  pressure_grad_mag=0.793  buoyancy_laplacian=0.925
    noise_std=  0.25  block_5      enstrophy=0.795  vorticity_signed=0.982  divergence=0.964  buoyancy_grad=0.940  convective_flux=0.975  okubo_weiss=0.752  velocity_buoyancy_coherence=0.867  pressure_grad_mag=0.816  buoyancy_laplacian=0.925
    noise_std=  0.25  block_6      enstrophy=0.815  vorticity_signed=0.976  divergence=0.955  buoyancy_grad=0.943  convective_flux=0.973  okubo_weiss=0.790  velocity_buoyancy_coherence=0.857  pressure_grad_mag=0.835  buoyancy_laplacian=0.926
    noise_std=  0.25  block_7      enstrophy=0.828  vorticity_signed=0.965  divergence=0.943  buoyancy_grad=0.943  convective_flux=0.968  okubo_weiss=0.803  velocity_buoyancy_coherence=0.850  pressure_grad_mag=0.834  buoyancy_laplacian=0.925
    noise_std=  0.25  block_8      enstrophy=0.831  vorticity_signed=0.950  divergence=0.920  buoyancy_grad=0.942  convective_flux=0.962  okubo_weiss=0.792  velocity_buoyancy_coherence=0.840  pressure_grad_mag=0.835  buoyancy_laplacian=0.925
    noise_std=  0.25  block_9      enstrophy=0.820  vorticity_signed=0.928  divergence=0.901  buoyancy_grad=0.941  convective_flux=0.958  okubo_weiss=0.773  velocity_buoyancy_coherence=0.828  pressure_grad_mag=0.829  buoyancy_laplacian=0.927
    noise_std=  0.25  block_10     enstrophy=0.812  vorticity_signed=0.907  divergence=0.875  buoyancy_grad=0.940  convective_flux=0.953  okubo_weiss=0.756  velocity_buoyancy_coherence=0.820  pressure_grad_mag=0.824  buoyancy_laplacian=0.925
    noise_std=  0.25  block_11     enstrophy=0.808  vorticity_signed=0.884  divergence=0.854  buoyancy_grad=0.935  convective_flux=0.948  okubo_weiss=0.736  velocity_buoyancy_coherence=0.805  pressure_grad_mag=0.817  buoyancy_laplacian=0.922
    noise_std=  0.25  block_12     enstrophy=0.799  vorticity_signed=0.865  divergence=0.830  buoyancy_grad=0.926  convective_flux=0.937  okubo_weiss=0.716  velocity_buoyancy_coherence=0.792  pressure_grad_mag=0.811  buoyancy_laplacian=0.916
    noise_std=  0.25  final_norm   enstrophy=0.766  vorticity_signed=0.789  divergence=0.761  buoyancy_grad=0.927  convective_flux=0.895  okubo_weiss=0.652  velocity_buoyancy_coherence=0.780  pressure_grad_mag=0.793  buoyancy_laplacian=0.911
    noise_std=   0.5  block_1      enstrophy=0.686  vorticity_signed=0.964  divergence=0.936  buoyancy_grad=0.895  convective_flux=0.974  okubo_weiss=0.558  velocity_buoyancy_coherence=0.802  pressure_grad_mag=0.696  buoyancy_laplacian=0.859
    noise_std=   0.5  block_2      enstrophy=0.708  vorticity_signed=0.969  divergence=0.937  buoyancy_grad=0.899  convective_flux=0.973  okubo_weiss=0.577  velocity_buoyancy_coherence=0.812  pressure_grad_mag=0.715  buoyancy_laplacian=0.875
    noise_std=   0.5  block_3      enstrophy=0.721  vorticity_signed=0.969  divergence=0.935  buoyancy_grad=0.901  convective_flux=0.971  okubo_weiss=0.612  velocity_buoyancy_coherence=0.812  pressure_grad_mag=0.729  buoyancy_laplacian=0.879
    noise_std=   0.5  block_4      enstrophy=0.737  vorticity_signed=0.967  divergence=0.932  buoyancy_grad=0.905  convective_flux=0.969  okubo_weiss=0.654  velocity_buoyancy_coherence=0.811  pressure_grad_mag=0.744  buoyancy_laplacian=0.885
    noise_std=   0.5  block_5      enstrophy=0.756  vorticity_signed=0.960  divergence=0.926  buoyancy_grad=0.906  convective_flux=0.965  okubo_weiss=0.697  velocity_buoyancy_coherence=0.804  pressure_grad_mag=0.763  buoyancy_laplacian=0.886
    noise_std=   0.5  block_6      enstrophy=0.772  vorticity_signed=0.948  divergence=0.913  buoyancy_grad=0.908  convective_flux=0.961  okubo_weiss=0.733  velocity_buoyancy_coherence=0.794  pressure_grad_mag=0.781  buoyancy_laplacian=0.886
    noise_std=   0.5  block_7      enstrophy=0.777  vorticity_signed=0.931  divergence=0.894  buoyancy_grad=0.911  convective_flux=0.954  okubo_weiss=0.737  velocity_buoyancy_coherence=0.786  pressure_grad_mag=0.780  buoyancy_laplacian=0.887
    noise_std=   0.5  block_8      enstrophy=0.776  vorticity_signed=0.905  divergence=0.860  buoyancy_grad=0.911  convective_flux=0.948  okubo_weiss=0.718  velocity_buoyancy_coherence=0.777  pressure_grad_mag=0.779  buoyancy_laplacian=0.887
    noise_std=   0.5  block_9      enstrophy=0.766  vorticity_signed=0.871  divergence=0.833  buoyancy_grad=0.911  convective_flux=0.943  okubo_weiss=0.696  velocity_buoyancy_coherence=0.769  pressure_grad_mag=0.771  buoyancy_laplacian=0.892
    noise_std=   0.5  block_10     enstrophy=0.758  vorticity_signed=0.842  divergence=0.800  buoyancy_grad=0.910  convective_flux=0.937  okubo_weiss=0.679  velocity_buoyancy_coherence=0.764  pressure_grad_mag=0.767  buoyancy_laplacian=0.891
    noise_std=   0.5  block_11     enstrophy=0.757  vorticity_signed=0.815  divergence=0.776  buoyancy_grad=0.907  convective_flux=0.931  okubo_weiss=0.664  velocity_buoyancy_coherence=0.752  pressure_grad_mag=0.764  buoyancy_laplacian=0.890
    noise_std=   0.5  block_12     enstrophy=0.749  vorticity_signed=0.797  divergence=0.756  buoyancy_grad=0.899  convective_flux=0.921  okubo_weiss=0.644  velocity_buoyancy_coherence=0.744  pressure_grad_mag=0.760  buoyancy_laplacian=0.884
    noise_std=   0.5  final_norm   enstrophy=0.721  vorticity_signed=0.726  divergence=0.695  buoyancy_grad=0.902  convective_flux=0.881  okubo_weiss=0.597  velocity_buoyancy_coherence=0.731  pressure_grad_mag=0.747  buoyancy_laplacian=0.879
    noise_std=   1.0  block_1      enstrophy=0.620  vorticity_signed=0.886  divergence=0.869  buoyancy_grad=0.827  convective_flux=0.967  okubo_weiss=0.484  velocity_buoyancy_coherence=0.738  pressure_grad_mag=0.610  buoyancy_laplacian=0.774
    noise_std=   1.0  block_2      enstrophy=0.643  vorticity_signed=0.896  divergence=0.870  buoyancy_grad=0.831  convective_flux=0.964  okubo_weiss=0.502  velocity_buoyancy_coherence=0.741  pressure_grad_mag=0.631  buoyancy_laplacian=0.791
    noise_std=   1.0  block_3      enstrophy=0.654  vorticity_signed=0.901  divergence=0.866  buoyancy_grad=0.834  convective_flux=0.955  okubo_weiss=0.522  velocity_buoyancy_coherence=0.736  pressure_grad_mag=0.641  buoyancy_laplacian=0.793
    noise_std=   1.0  block_4      enstrophy=0.659  vorticity_signed=0.902  divergence=0.860  buoyancy_grad=0.839  convective_flux=0.944  okubo_weiss=0.553  velocity_buoyancy_coherence=0.735  pressure_grad_mag=0.658  buoyancy_laplacian=0.797
    noise_std=   1.0  block_5      enstrophy=0.666  vorticity_signed=0.896  divergence=0.851  buoyancy_grad=0.840  convective_flux=0.930  okubo_weiss=0.595  velocity_buoyancy_coherence=0.731  pressure_grad_mag=0.673  buoyancy_laplacian=0.796
    noise_std=   1.0  block_6      enstrophy=0.673  vorticity_signed=0.877  divergence=0.832  buoyancy_grad=0.841  convective_flux=0.921  okubo_weiss=0.625  velocity_buoyancy_coherence=0.724  pressure_grad_mag=0.685  buoyancy_laplacian=0.795
    noise_std=   1.0  block_7      enstrophy=0.669  vorticity_signed=0.846  divergence=0.798  buoyancy_grad=0.843  convective_flux=0.911  okubo_weiss=0.619  velocity_buoyancy_coherence=0.716  pressure_grad_mag=0.676  buoyancy_laplacian=0.796
    noise_std=   1.0  block_8      enstrophy=0.657  vorticity_signed=0.799  divergence=0.753  buoyancy_grad=0.843  convective_flux=0.901  okubo_weiss=0.595  velocity_buoyancy_coherence=0.708  pressure_grad_mag=0.669  buoyancy_laplacian=0.790
    noise_std=   1.0  block_9      enstrophy=0.649  vorticity_signed=0.743  divergence=0.714  buoyancy_grad=0.841  convective_flux=0.894  okubo_weiss=0.571  velocity_buoyancy_coherence=0.702  pressure_grad_mag=0.657  buoyancy_laplacian=0.795
    noise_std=   1.0  block_10     enstrophy=0.643  vorticity_signed=0.700  divergence=0.675  buoyancy_grad=0.843  convective_flux=0.888  okubo_weiss=0.560  velocity_buoyancy_coherence=0.698  pressure_grad_mag=0.657  buoyancy_laplacian=0.795
    noise_std=   1.0  block_11     enstrophy=0.646  vorticity_signed=0.677  divergence=0.649  buoyancy_grad=0.842  convective_flux=0.882  okubo_weiss=0.550  velocity_buoyancy_coherence=0.690  pressure_grad_mag=0.657  buoyancy_laplacian=0.796
    noise_std=   1.0  block_12     enstrophy=0.639  vorticity_signed=0.657  divergence=0.628  buoyancy_grad=0.839  convective_flux=0.870  okubo_weiss=0.535  velocity_buoyancy_coherence=0.683  pressure_grad_mag=0.654  buoyancy_laplacian=0.794
    noise_std=   1.0  final_norm   enstrophy=0.624  vorticity_signed=0.607  divergence=0.590  buoyancy_grad=0.842  convective_flux=0.833  okubo_weiss=0.509  velocity_buoyancy_coherence=0.667  pressure_grad_mag=0.650  buoyancy_laplacian=0.790
    noise_std=   2.0  block_1      enstrophy=0.498  vorticity_signed=0.679  divergence=0.687  buoyancy_grad=0.722  convective_flux=0.943  okubo_weiss=0.343  velocity_buoyancy_coherence=0.665  pressure_grad_mag=0.476  buoyancy_laplacian=0.664
    noise_std=   2.0  block_2      enstrophy=0.533  vorticity_signed=0.690  divergence=0.689  buoyancy_grad=0.729  convective_flux=0.938  okubo_weiss=0.374  velocity_buoyancy_coherence=0.659  pressure_grad_mag=0.509  buoyancy_laplacian=0.681
    noise_std=   2.0  block_3      enstrophy=0.549  vorticity_signed=0.701  divergence=0.690  buoyancy_grad=0.732  convective_flux=0.913  okubo_weiss=0.393  velocity_buoyancy_coherence=0.631  pressure_grad_mag=0.519  buoyancy_laplacian=0.680
    noise_std=   2.0  block_4      enstrophy=0.551  vorticity_signed=0.712  divergence=0.687  buoyancy_grad=0.735  convective_flux=0.877  okubo_weiss=0.407  velocity_buoyancy_coherence=0.615  pressure_grad_mag=0.530  buoyancy_laplacian=0.681
    noise_std=   2.0  block_5      enstrophy=0.552  vorticity_signed=0.714  divergence=0.676  buoyancy_grad=0.734  convective_flux=0.838  okubo_weiss=0.426  velocity_buoyancy_coherence=0.612  pressure_grad_mag=0.535  buoyancy_laplacian=0.678
    noise_std=   2.0  block_6      enstrophy=0.549  vorticity_signed=0.702  divergence=0.652  buoyancy_grad=0.733  convective_flux=0.809  okubo_weiss=0.442  velocity_buoyancy_coherence=0.608  pressure_grad_mag=0.538  buoyancy_laplacian=0.675
    noise_std=   2.0  block_7      enstrophy=0.535  vorticity_signed=0.679  divergence=0.621  buoyancy_grad=0.734  convective_flux=0.792  okubo_weiss=0.437  velocity_buoyancy_coherence=0.601  pressure_grad_mag=0.528  buoyancy_laplacian=0.670
    noise_std=   2.0  block_8      enstrophy=0.523  vorticity_signed=0.644  divergence=0.581  buoyancy_grad=0.732  convective_flux=0.780  okubo_weiss=0.422  velocity_buoyancy_coherence=0.593  pressure_grad_mag=0.521  buoyancy_laplacian=0.664
    noise_std=   2.0  block_9      enstrophy=0.513  vorticity_signed=0.600  divergence=0.549  buoyancy_grad=0.728  convective_flux=0.772  okubo_weiss=0.403  velocity_buoyancy_coherence=0.588  pressure_grad_mag=0.511  buoyancy_laplacian=0.657
    noise_std=   2.0  block_10     enstrophy=0.501  vorticity_signed=0.559  divergence=0.517  buoyancy_grad=0.724  convective_flux=0.766  okubo_weiss=0.390  velocity_buoyancy_coherence=0.584  pressure_grad_mag=0.500  buoyancy_laplacian=0.650
    noise_std=   2.0  block_11     enstrophy=0.493  vorticity_signed=0.537  divergence=0.493  buoyancy_grad=0.719  convective_flux=0.758  okubo_weiss=0.383  velocity_buoyancy_coherence=0.578  pressure_grad_mag=0.494  buoyancy_laplacian=0.647
    noise_std=   2.0  block_12     enstrophy=0.489  vorticity_signed=0.521  divergence=0.476  buoyancy_grad=0.720  convective_flux=0.746  okubo_weiss=0.373  velocity_buoyancy_coherence=0.571  pressure_grad_mag=0.494  buoyancy_laplacian=0.646
    noise_std=   2.0  final_norm   enstrophy=0.488  vorticity_signed=0.509  divergence=0.466  buoyancy_grad=0.726  convective_flux=0.717  okubo_weiss=0.367  velocity_buoyancy_coherence=0.558  pressure_grad_mag=0.498  buoyancy_laplacian=0.651

=== checkpoints/rayleigh_benard_mae.pt ===
  noise_std=   0.0  block_1      enstrophy=0.970  buoyancy_grad=0.853  convective_flux=0.982  okubo_weiss=0.976  velocity_buoyancy_coherence=0.910  pressure_grad_mag=0.995  buoyancy_laplacian=0.858
  noise_std=   0.0  block_2      enstrophy=0.981  buoyancy_grad=0.877  convective_flux=0.985  okubo_weiss=0.986  velocity_buoyancy_coherence=0.926  pressure_grad_mag=0.997  buoyancy_laplacian=0.886
  noise_std=   0.0  block_3      enstrophy=0.985  buoyancy_grad=0.890  convective_flux=0.987  okubo_weiss=0.989  velocity_buoyancy_coherence=0.938  pressure_grad_mag=0.998  buoyancy_laplacian=0.898
  noise_std=   0.0  block_4      enstrophy=0.986  buoyancy_grad=0.894  convective_flux=0.987  okubo_weiss=0.989  velocity_buoyancy_coherence=0.939  pressure_grad_mag=0.998  buoyancy_laplacian=0.903
  noise_std=   0.0  block_5      enstrophy=0.986  buoyancy_grad=0.888  convective_flux=0.985  okubo_weiss=0.989  velocity_buoyancy_coherence=0.937  pressure_grad_mag=0.998  buoyancy_laplacian=0.897
  noise_std=   0.0  block_6      enstrophy=0.984  buoyancy_grad=0.887  convective_flux=0.985  okubo_weiss=0.987  velocity_buoyancy_coherence=0.939  pressure_grad_mag=0.998  buoyancy_laplacian=0.898
  noise_std=   0.0  block_7      enstrophy=0.983  buoyancy_grad=0.886  convective_flux=0.985  okubo_weiss=0.986  velocity_buoyancy_coherence=0.937  pressure_grad_mag=0.997  buoyancy_laplacian=0.898
  noise_std=   0.0  block_8      enstrophy=0.981  buoyancy_grad=0.883  convective_flux=0.983  okubo_weiss=0.984  velocity_buoyancy_coherence=0.937  pressure_grad_mag=0.997  buoyancy_laplacian=0.892
  noise_std=   0.0  block_9      enstrophy=0.980  buoyancy_grad=0.880  convective_flux=0.982  okubo_weiss=0.983  velocity_buoyancy_coherence=0.936  pressure_grad_mag=0.997  buoyancy_laplacian=0.889
  noise_std=   0.0  block_10     enstrophy=0.979  buoyancy_grad=0.879  convective_flux=0.981  okubo_weiss=0.983  velocity_buoyancy_coherence=0.934  pressure_grad_mag=0.997  buoyancy_laplacian=0.887
  noise_std=   0.0  block_11     enstrophy=0.977  buoyancy_grad=0.874  convective_flux=0.981  okubo_weiss=0.981  velocity_buoyancy_coherence=0.933  pressure_grad_mag=0.996  buoyancy_laplacian=0.883
  noise_std=   0.0  block_12     enstrophy=0.976  buoyancy_grad=0.872  convective_flux=0.980  okubo_weiss=0.980  velocity_buoyancy_coherence=0.932  pressure_grad_mag=0.995  buoyancy_laplacian=0.881
  noise_std=   0.0  final_norm   enstrophy=0.974  buoyancy_grad=0.869  convective_flux=0.978  okubo_weiss=0.978  velocity_buoyancy_coherence=0.932  pressure_grad_mag=0.995  buoyancy_laplacian=0.878
  noise_std=   0.1  block_1      enstrophy=0.967  buoyancy_grad=0.843  convective_flux=0.979  okubo_weiss=0.973  velocity_buoyancy_coherence=0.905  pressure_grad_mag=0.995  buoyancy_laplacian=0.848
  noise_std=   0.1  block_2      enstrophy=0.979  buoyancy_grad=0.869  convective_flux=0.984  okubo_weiss=0.985  velocity_buoyancy_coherence=0.920  pressure_grad_mag=0.997  buoyancy_laplacian=0.879
  noise_std=   0.1  block_3      enstrophy=0.985  buoyancy_grad=0.885  convective_flux=0.986  okubo_weiss=0.989  velocity_buoyancy_coherence=0.930  pressure_grad_mag=0.998  buoyancy_laplacian=0.892
  noise_std=   0.1  block_4      enstrophy=0.986  buoyancy_grad=0.893  convective_flux=0.987  okubo_weiss=0.989  velocity_buoyancy_coherence=0.932  pressure_grad_mag=0.998  buoyancy_laplacian=0.902
  noise_std=   0.1  block_5      enstrophy=0.986  buoyancy_grad=0.890  convective_flux=0.986  okubo_weiss=0.989  velocity_buoyancy_coherence=0.930  pressure_grad_mag=0.998  buoyancy_laplacian=0.898
  noise_std=   0.1  block_6      enstrophy=0.985  buoyancy_grad=0.891  convective_flux=0.986  okubo_weiss=0.988  velocity_buoyancy_coherence=0.933  pressure_grad_mag=0.998  buoyancy_laplacian=0.900
  noise_std=   0.1  block_7      enstrophy=0.984  buoyancy_grad=0.890  convective_flux=0.987  okubo_weiss=0.987  velocity_buoyancy_coherence=0.934  pressure_grad_mag=0.998  buoyancy_laplacian=0.899
  noise_std=   0.1  block_8      enstrophy=0.983  buoyancy_grad=0.889  convective_flux=0.986  okubo_weiss=0.987  velocity_buoyancy_coherence=0.933  pressure_grad_mag=0.997  buoyancy_laplacian=0.897
  noise_std=   0.1  block_9      enstrophy=0.982  buoyancy_grad=0.889  convective_flux=0.986  okubo_weiss=0.986  velocity_buoyancy_coherence=0.931  pressure_grad_mag=0.997  buoyancy_laplacian=0.896
  noise_std=   0.1  block_10     enstrophy=0.982  buoyancy_grad=0.886  convective_flux=0.985  okubo_weiss=0.986  velocity_buoyancy_coherence=0.929  pressure_grad_mag=0.997  buoyancy_laplacian=0.893
  noise_std=   0.1  block_11     enstrophy=0.980  buoyancy_grad=0.882  convective_flux=0.985  okubo_weiss=0.984  velocity_buoyancy_coherence=0.931  pressure_grad_mag=0.997  buoyancy_laplacian=0.890
  noise_std=   0.1  block_12     enstrophy=0.980  buoyancy_grad=0.879  convective_flux=0.985  okubo_weiss=0.984  velocity_buoyancy_coherence=0.928  pressure_grad_mag=0.996  buoyancy_laplacian=0.886
  noise_std=   0.1  final_norm   enstrophy=0.977  buoyancy_grad=0.874  convective_flux=0.982  okubo_weiss=0.981  velocity_buoyancy_coherence=0.927  pressure_grad_mag=0.996  buoyancy_laplacian=0.880
  noise_std=  0.25  block_1      enstrophy=0.958  buoyancy_grad=0.811  convective_flux=0.971  okubo_weiss=0.966  velocity_buoyancy_coherence=0.882  pressure_grad_mag=0.993  buoyancy_laplacian=0.814
  noise_std=  0.25  block_2      enstrophy=0.975  buoyancy_grad=0.848  convective_flux=0.980  okubo_weiss=0.981  velocity_buoyancy_coherence=0.900  pressure_grad_mag=0.997  buoyancy_laplacian=0.856
  noise_std=  0.25  block_3      enstrophy=0.981  buoyancy_grad=0.864  convective_flux=0.984  okubo_weiss=0.986  velocity_buoyancy_coherence=0.910  pressure_grad_mag=0.997  buoyancy_laplacian=0.867
  noise_std=  0.25  block_4      enstrophy=0.983  buoyancy_grad=0.878  convective_flux=0.986  okubo_weiss=0.987  velocity_buoyancy_coherence=0.912  pressure_grad_mag=0.998  buoyancy_laplacian=0.882
  noise_std=  0.25  block_5      enstrophy=0.984  buoyancy_grad=0.880  convective_flux=0.986  okubo_weiss=0.988  velocity_buoyancy_coherence=0.913  pressure_grad_mag=0.998  buoyancy_laplacian=0.884
  noise_std=  0.25  block_6      enstrophy=0.983  buoyancy_grad=0.884  convective_flux=0.986  okubo_weiss=0.987  velocity_buoyancy_coherence=0.917  pressure_grad_mag=0.998  buoyancy_laplacian=0.888
  noise_std=  0.25  block_7      enstrophy=0.982  buoyancy_grad=0.884  convective_flux=0.988  okubo_weiss=0.986  velocity_buoyancy_coherence=0.919  pressure_grad_mag=0.998  buoyancy_laplacian=0.890
  noise_std=  0.25  block_8      enstrophy=0.983  buoyancy_grad=0.880  convective_flux=0.988  okubo_weiss=0.987  velocity_buoyancy_coherence=0.921  pressure_grad_mag=0.998  buoyancy_laplacian=0.885
  noise_std=  0.25  block_9      enstrophy=0.982  buoyancy_grad=0.881  convective_flux=0.988  okubo_weiss=0.986  velocity_buoyancy_coherence=0.920  pressure_grad_mag=0.997  buoyancy_laplacian=0.886
  noise_std=  0.25  block_10     enstrophy=0.982  buoyancy_grad=0.879  convective_flux=0.987  okubo_weiss=0.986  velocity_buoyancy_coherence=0.919  pressure_grad_mag=0.997  buoyancy_laplacian=0.884
  noise_std=  0.25  block_11     enstrophy=0.980  buoyancy_grad=0.875  convective_flux=0.987  okubo_weiss=0.985  velocity_buoyancy_coherence=0.920  pressure_grad_mag=0.997  buoyancy_laplacian=0.880
  noise_std=  0.25  block_12     enstrophy=0.979  buoyancy_grad=0.870  convective_flux=0.987  okubo_weiss=0.983  velocity_buoyancy_coherence=0.917  pressure_grad_mag=0.997  buoyancy_laplacian=0.874
  noise_std=  0.25  final_norm   enstrophy=0.976  buoyancy_grad=0.865  convective_flux=0.986  okubo_weiss=0.981  velocity_buoyancy_coherence=0.916  pressure_grad_mag=0.996  buoyancy_laplacian=0.869
  noise_std=   0.5  block_1      enstrophy=0.939  buoyancy_grad=0.737  convective_flux=0.939  okubo_weiss=0.951  velocity_buoyancy_coherence=0.820  pressure_grad_mag=0.990  buoyancy_laplacian=0.740
  noise_std=   0.5  block_2      enstrophy=0.962  buoyancy_grad=0.783  convective_flux=0.964  okubo_weiss=0.972  velocity_buoyancy_coherence=0.855  pressure_grad_mag=0.994  buoyancy_laplacian=0.785
  noise_std=   0.5  block_3      enstrophy=0.970  buoyancy_grad=0.804  convective_flux=0.975  okubo_weiss=0.979  velocity_buoyancy_coherence=0.871  pressure_grad_mag=0.996  buoyancy_laplacian=0.802
  noise_std=   0.5  block_4      enstrophy=0.971  buoyancy_grad=0.822  convective_flux=0.978  okubo_weiss=0.980  velocity_buoyancy_coherence=0.883  pressure_grad_mag=0.997  buoyancy_laplacian=0.822
  noise_std=   0.5  block_5      enstrophy=0.973  buoyancy_grad=0.831  convective_flux=0.981  okubo_weiss=0.981  velocity_buoyancy_coherence=0.884  pressure_grad_mag=0.997  buoyancy_laplacian=0.829
  noise_std=   0.5  block_6      enstrophy=0.972  buoyancy_grad=0.836  convective_flux=0.981  okubo_weiss=0.980  velocity_buoyancy_coherence=0.888  pressure_grad_mag=0.997  buoyancy_laplacian=0.834
  noise_std=   0.5  block_7      enstrophy=0.972  buoyancy_grad=0.839  convective_flux=0.983  okubo_weiss=0.979  velocity_buoyancy_coherence=0.893  pressure_grad_mag=0.997  buoyancy_laplacian=0.838
  noise_std=   0.5  block_8      enstrophy=0.972  buoyancy_grad=0.841  convective_flux=0.984  okubo_weiss=0.979  velocity_buoyancy_coherence=0.892  pressure_grad_mag=0.996  buoyancy_laplacian=0.840
  noise_std=   0.5  block_9      enstrophy=0.971  buoyancy_grad=0.838  convective_flux=0.984  okubo_weiss=0.979  velocity_buoyancy_coherence=0.890  pressure_grad_mag=0.996  buoyancy_laplacian=0.840
  noise_std=   0.5  block_10     enstrophy=0.970  buoyancy_grad=0.836  convective_flux=0.984  okubo_weiss=0.978  velocity_buoyancy_coherence=0.890  pressure_grad_mag=0.996  buoyancy_laplacian=0.835
  noise_std=   0.5  block_11     enstrophy=0.968  buoyancy_grad=0.832  convective_flux=0.984  okubo_weiss=0.976  velocity_buoyancy_coherence=0.890  pressure_grad_mag=0.996  buoyancy_laplacian=0.834
  noise_std=   0.5  block_12     enstrophy=0.965  buoyancy_grad=0.826  convective_flux=0.984  okubo_weiss=0.974  velocity_buoyancy_coherence=0.890  pressure_grad_mag=0.995  buoyancy_laplacian=0.826
  noise_std=   0.5  final_norm   enstrophy=0.962  buoyancy_grad=0.822  convective_flux=0.983  okubo_weiss=0.972  velocity_buoyancy_coherence=0.890  pressure_grad_mag=0.995  buoyancy_laplacian=0.821
  noise_std=   1.0  block_1      enstrophy=0.883  buoyancy_grad=0.590  convective_flux=0.803  okubo_weiss=0.906  velocity_buoyancy_coherence=0.658  pressure_grad_mag=0.980  buoyancy_laplacian=0.581
  noise_std=   1.0  block_2      enstrophy=0.920  buoyancy_grad=0.634  convective_flux=0.872  okubo_weiss=0.937  velocity_buoyancy_coherence=0.733  pressure_grad_mag=0.984  buoyancy_laplacian=0.628
  noise_std=   1.0  block_3      enstrophy=0.929  buoyancy_grad=0.658  convective_flux=0.907  okubo_weiss=0.947  velocity_buoyancy_coherence=0.768  pressure_grad_mag=0.987  buoyancy_laplacian=0.646
  noise_std=   1.0  block_4      enstrophy=0.929  buoyancy_grad=0.674  convective_flux=0.918  okubo_weiss=0.949  velocity_buoyancy_coherence=0.785  pressure_grad_mag=0.989  buoyancy_laplacian=0.661
  noise_std=   1.0  block_5      enstrophy=0.930  buoyancy_grad=0.677  convective_flux=0.927  okubo_weiss=0.949  velocity_buoyancy_coherence=0.789  pressure_grad_mag=0.989  buoyancy_laplacian=0.659
  noise_std=   1.0  block_6      enstrophy=0.928  buoyancy_grad=0.681  convective_flux=0.933  okubo_weiss=0.948  velocity_buoyancy_coherence=0.799  pressure_grad_mag=0.990  buoyancy_laplacian=0.664
  noise_std=   1.0  block_7      enstrophy=0.927  buoyancy_grad=0.695  convective_flux=0.940  okubo_weiss=0.947  velocity_buoyancy_coherence=0.809  pressure_grad_mag=0.990  buoyancy_laplacian=0.674
  noise_std=   1.0  block_8      enstrophy=0.924  buoyancy_grad=0.709  convective_flux=0.947  okubo_weiss=0.944  velocity_buoyancy_coherence=0.814  pressure_grad_mag=0.990  buoyancy_laplacian=0.681
  noise_std=   1.0  block_9      enstrophy=0.920  buoyancy_grad=0.706  convective_flux=0.949  okubo_weiss=0.940  velocity_buoyancy_coherence=0.814  pressure_grad_mag=0.990  buoyancy_laplacian=0.683
  noise_std=   1.0  block_10     enstrophy=0.917  buoyancy_grad=0.707  convective_flux=0.949  okubo_weiss=0.937  velocity_buoyancy_coherence=0.814  pressure_grad_mag=0.989  buoyancy_laplacian=0.685
  noise_std=   1.0  block_11     enstrophy=0.912  buoyancy_grad=0.698  convective_flux=0.951  okubo_weiss=0.933  velocity_buoyancy_coherence=0.814  pressure_grad_mag=0.989  buoyancy_laplacian=0.676
  noise_std=   1.0  block_12     enstrophy=0.907  buoyancy_grad=0.692  convective_flux=0.951  okubo_weiss=0.928  velocity_buoyancy_coherence=0.813  pressure_grad_mag=0.989  buoyancy_laplacian=0.671
  noise_std=   1.0  final_norm   enstrophy=0.903  buoyancy_grad=0.691  convective_flux=0.950  okubo_weiss=0.925  velocity_buoyancy_coherence=0.814  pressure_grad_mag=0.988  buoyancy_laplacian=0.670
  noise_std=   2.0  block_1      enstrophy=0.617  buoyancy_grad=0.277  convective_flux=0.522  okubo_weiss=0.654  velocity_buoyancy_coherence=0.430  pressure_grad_mag=0.964  buoyancy_laplacian=0.256
  noise_std=   2.0  block_2      enstrophy=0.699  buoyancy_grad=0.356  convective_flux=0.590  okubo_weiss=0.735  velocity_buoyancy_coherence=0.480  pressure_grad_mag=0.970  buoyancy_laplacian=0.321
  noise_std=   2.0  block_3      enstrophy=0.741  buoyancy_grad=0.401  convective_flux=0.644  okubo_weiss=0.777  velocity_buoyancy_coherence=0.524  pressure_grad_mag=0.972  buoyancy_laplacian=0.363
  noise_std=   2.0  block_4      enstrophy=0.763  buoyancy_grad=0.427  convective_flux=0.672  okubo_weiss=0.799  velocity_buoyancy_coherence=0.547  pressure_grad_mag=0.974  buoyancy_laplacian=0.386
  noise_std=   2.0  block_5      enstrophy=0.769  buoyancy_grad=0.435  convective_flux=0.683  okubo_weiss=0.805  velocity_buoyancy_coherence=0.557  pressure_grad_mag=0.974  buoyancy_laplacian=0.395
  noise_std=   2.0  block_6      enstrophy=0.771  buoyancy_grad=0.440  convective_flux=0.690  okubo_weiss=0.807  velocity_buoyancy_coherence=0.566  pressure_grad_mag=0.975  buoyancy_laplacian=0.401
  noise_std=   2.0  block_7      enstrophy=0.772  buoyancy_grad=0.443  convective_flux=0.693  okubo_weiss=0.807  velocity_buoyancy_coherence=0.570  pressure_grad_mag=0.975  buoyancy_laplacian=0.404
  noise_std=   2.0  block_8      enstrophy=0.775  buoyancy_grad=0.447  convective_flux=0.691  okubo_weiss=0.810  velocity_buoyancy_coherence=0.570  pressure_grad_mag=0.975  buoyancy_laplacian=0.409
  noise_std=   2.0  block_9      enstrophy=0.774  buoyancy_grad=0.448  convective_flux=0.687  okubo_weiss=0.809  velocity_buoyancy_coherence=0.565  pressure_grad_mag=0.975  buoyancy_laplacian=0.412
  noise_std=   2.0  block_10     enstrophy=0.772  buoyancy_grad=0.453  convective_flux=0.683  okubo_weiss=0.805  velocity_buoyancy_coherence=0.564  pressure_grad_mag=0.975  buoyancy_laplacian=0.417
  noise_std=   2.0  block_11     enstrophy=0.764  buoyancy_grad=0.449  convective_flux=0.681  okubo_weiss=0.799  velocity_buoyancy_coherence=0.566  pressure_grad_mag=0.974  buoyancy_laplacian=0.412
  noise_std=   2.0  block_12     enstrophy=0.757  buoyancy_grad=0.453  convective_flux=0.679  okubo_weiss=0.791  velocity_buoyancy_coherence=0.567  pressure_grad_mag=0.974  buoyancy_laplacian=0.417
  noise_std=   2.0  final_norm   enstrophy=0.727  buoyancy_grad=0.431  convective_flux=0.674  okubo_weiss=0.762  velocity_buoyancy_coherence=0.565  pressure_grad_mag=0.971  buoyancy_laplacian=0.394
  -- per-token --
    noise_std=   0.0  block_1      enstrophy=0.851  vorticity_signed=0.993  divergence=0.993  buoyancy_grad=0.967  convective_flux=0.979  okubo_weiss=0.813  velocity_buoyancy_coherence=0.798  pressure_grad_mag=0.859  buoyancy_laplacian=0.925
    noise_std=   0.0  block_2      enstrophy=0.859  vorticity_signed=0.987  divergence=0.986  buoyancy_grad=0.970  convective_flux=0.976  okubo_weiss=0.818  velocity_buoyancy_coherence=0.849  pressure_grad_mag=0.868  buoyancy_laplacian=0.935
    noise_std=   0.0  block_3      enstrophy=0.849  vorticity_signed=0.974  divergence=0.973  buoyancy_grad=0.969  convective_flux=0.973  okubo_weiss=0.799  velocity_buoyancy_coherence=0.873  pressure_grad_mag=0.869  buoyancy_laplacian=0.940
    noise_std=   0.0  block_4      enstrophy=0.834  vorticity_signed=0.946  divergence=0.942  buoyancy_grad=0.962  convective_flux=0.962  okubo_weiss=0.767  velocity_buoyancy_coherence=0.877  pressure_grad_mag=0.856  buoyancy_laplacian=0.937
    noise_std=   0.0  block_5      enstrophy=0.824  vorticity_signed=0.889  divergence=0.887  buoyancy_grad=0.953  convective_flux=0.943  okubo_weiss=0.729  velocity_buoyancy_coherence=0.873  pressure_grad_mag=0.846  buoyancy_laplacian=0.935
    noise_std=   0.0  block_6      enstrophy=0.810  vorticity_signed=0.805  divergence=0.834  buoyancy_grad=0.946  convective_flux=0.918  okubo_weiss=0.694  velocity_buoyancy_coherence=0.860  pressure_grad_mag=0.835  buoyancy_laplacian=0.930
    noise_std=   0.0  block_7      enstrophy=0.801  vorticity_signed=0.725  divergence=0.763  buoyancy_grad=0.939  convective_flux=0.898  okubo_weiss=0.643  velocity_buoyancy_coherence=0.842  pressure_grad_mag=0.820  buoyancy_laplacian=0.928
    noise_std=   0.0  block_8      enstrophy=0.792  vorticity_signed=0.667  divergence=0.700  buoyancy_grad=0.933  convective_flux=0.868  okubo_weiss=0.604  velocity_buoyancy_coherence=0.817  pressure_grad_mag=0.810  buoyancy_laplacian=0.924
    noise_std=   0.0  block_9      enstrophy=0.771  vorticity_signed=0.603  divergence=0.639  buoyancy_grad=0.921  convective_flux=0.844  okubo_weiss=0.566  velocity_buoyancy_coherence=0.790  pressure_grad_mag=0.791  buoyancy_laplacian=0.914
    noise_std=   0.0  block_10     enstrophy=0.759  vorticity_signed=0.566  divergence=0.572  buoyancy_grad=0.913  convective_flux=0.824  okubo_weiss=0.535  velocity_buoyancy_coherence=0.769  pressure_grad_mag=0.778  buoyancy_laplacian=0.910
    noise_std=   0.0  block_11     enstrophy=0.750  vorticity_signed=0.533  divergence=0.511  buoyancy_grad=0.910  convective_flux=0.806  okubo_weiss=0.504  velocity_buoyancy_coherence=0.748  pressure_grad_mag=0.769  buoyancy_laplacian=0.906
    noise_std=   0.0  block_12     enstrophy=0.746  vorticity_signed=0.509  divergence=0.497  buoyancy_grad=0.898  convective_flux=0.791  okubo_weiss=0.495  velocity_buoyancy_coherence=0.725  pressure_grad_mag=0.757  buoyancy_laplacian=0.901
    noise_std=   0.0  final_norm   enstrophy=0.738  vorticity_signed=0.489  divergence=0.484  buoyancy_grad=0.899  convective_flux=0.786  okubo_weiss=0.485  velocity_buoyancy_coherence=0.732  pressure_grad_mag=0.757  buoyancy_laplacian=0.900
    noise_std=   0.1  block_1      enstrophy=0.818  vorticity_signed=0.984  divergence=0.978  buoyancy_grad=0.954  convective_flux=0.972  okubo_weiss=0.753  velocity_buoyancy_coherence=0.765  pressure_grad_mag=0.828  buoyancy_laplacian=0.902
    noise_std=   0.1  block_2      enstrophy=0.835  vorticity_signed=0.975  divergence=0.968  buoyancy_grad=0.954  convective_flux=0.969  okubo_weiss=0.775  velocity_buoyancy_coherence=0.804  pressure_grad_mag=0.842  buoyancy_laplacian=0.917
    noise_std=   0.1  block_3      enstrophy=0.820  vorticity_signed=0.957  divergence=0.951  buoyancy_grad=0.950  convective_flux=0.963  okubo_weiss=0.753  velocity_buoyancy_coherence=0.804  pressure_grad_mag=0.833  buoyancy_laplacian=0.920
    noise_std=   0.1  block_4      enstrophy=0.802  vorticity_signed=0.913  divergence=0.905  buoyancy_grad=0.943  convective_flux=0.946  okubo_weiss=0.715  velocity_buoyancy_coherence=0.796  pressure_grad_mag=0.817  buoyancy_laplacian=0.918
    noise_std=   0.1  block_5      enstrophy=0.788  vorticity_signed=0.838  divergence=0.839  buoyancy_grad=0.934  convective_flux=0.919  okubo_weiss=0.676  velocity_buoyancy_coherence=0.793  pressure_grad_mag=0.804  buoyancy_laplacian=0.915
    noise_std=   0.1  block_6      enstrophy=0.779  vorticity_signed=0.738  divergence=0.769  buoyancy_grad=0.925  convective_flux=0.893  okubo_weiss=0.636  velocity_buoyancy_coherence=0.778  pressure_grad_mag=0.791  buoyancy_laplacian=0.910
    noise_std=   0.1  block_7      enstrophy=0.768  vorticity_signed=0.658  divergence=0.691  buoyancy_grad=0.916  convective_flux=0.869  okubo_weiss=0.593  velocity_buoyancy_coherence=0.755  pressure_grad_mag=0.776  buoyancy_laplacian=0.906
    noise_std=   0.1  block_8      enstrophy=0.760  vorticity_signed=0.592  divergence=0.620  buoyancy_grad=0.910  convective_flux=0.837  okubo_weiss=0.561  velocity_buoyancy_coherence=0.725  pressure_grad_mag=0.768  buoyancy_laplacian=0.904
    noise_std=   0.1  block_9      enstrophy=0.743  vorticity_signed=0.542  divergence=0.561  buoyancy_grad=0.898  convective_flux=0.810  okubo_weiss=0.524  velocity_buoyancy_coherence=0.699  pressure_grad_mag=0.752  buoyancy_laplacian=0.894
    noise_std=   0.1  block_10     enstrophy=0.732  vorticity_signed=0.504  divergence=0.500  buoyancy_grad=0.897  convective_flux=0.794  okubo_weiss=0.499  velocity_buoyancy_coherence=0.684  pressure_grad_mag=0.746  buoyancy_laplacian=0.896
    noise_std=   0.1  block_11     enstrophy=0.722  vorticity_signed=0.470  divergence=0.452  buoyancy_grad=0.895  convective_flux=0.777  okubo_weiss=0.479  velocity_buoyancy_coherence=0.664  pressure_grad_mag=0.746  buoyancy_laplacian=0.894
    noise_std=   0.1  block_12     enstrophy=0.720  vorticity_signed=0.447  divergence=0.427  buoyancy_grad=0.883  convective_flux=0.760  okubo_weiss=0.470  velocity_buoyancy_coherence=0.648  pressure_grad_mag=0.734  buoyancy_laplacian=0.888
    noise_std=   0.1  final_norm   enstrophy=0.703  vorticity_signed=0.404  divergence=0.386  buoyancy_grad=0.880  convective_flux=0.736  okubo_weiss=0.451  velocity_buoyancy_coherence=0.637  pressure_grad_mag=0.722  buoyancy_laplacian=0.882
    noise_std=  0.25  block_1      enstrophy=0.759  vorticity_signed=0.948  divergence=0.932  buoyancy_grad=0.923  convective_flux=0.954  okubo_weiss=0.640  velocity_buoyancy_coherence=0.710  pressure_grad_mag=0.777  buoyancy_laplacian=0.842
    noise_std=  0.25  block_2      enstrophy=0.782  vorticity_signed=0.934  divergence=0.916  buoyancy_grad=0.920  convective_flux=0.946  okubo_weiss=0.677  velocity_buoyancy_coherence=0.727  pressure_grad_mag=0.787  buoyancy_laplacian=0.866
    noise_std=  0.25  block_3      enstrophy=0.758  vorticity_signed=0.910  divergence=0.893  buoyancy_grad=0.913  convective_flux=0.938  okubo_weiss=0.652  velocity_buoyancy_coherence=0.726  pressure_grad_mag=0.766  buoyancy_laplacian=0.864
    noise_std=  0.25  block_4      enstrophy=0.737  vorticity_signed=0.850  divergence=0.827  buoyancy_grad=0.908  convective_flux=0.914  okubo_weiss=0.616  velocity_buoyancy_coherence=0.713  pressure_grad_mag=0.749  buoyancy_laplacian=0.863
    noise_std=  0.25  block_5      enstrophy=0.726  vorticity_signed=0.749  divergence=0.740  buoyancy_grad=0.906  convective_flux=0.883  okubo_weiss=0.578  velocity_buoyancy_coherence=0.705  pressure_grad_mag=0.740  buoyancy_laplacian=0.866
    noise_std=  0.25  block_6      enstrophy=0.723  vorticity_signed=0.643  divergence=0.657  buoyancy_grad=0.904  convective_flux=0.849  okubo_weiss=0.550  velocity_buoyancy_coherence=0.682  pressure_grad_mag=0.735  buoyancy_laplacian=0.869
    noise_std=  0.25  block_7      enstrophy=0.715  vorticity_signed=0.564  divergence=0.581  buoyancy_grad=0.898  convective_flux=0.823  okubo_weiss=0.520  velocity_buoyancy_coherence=0.662  pressure_grad_mag=0.726  buoyancy_laplacian=0.865
    noise_std=  0.25  block_8      enstrophy=0.709  vorticity_signed=0.505  divergence=0.517  buoyancy_grad=0.892  convective_flux=0.793  okubo_weiss=0.499  velocity_buoyancy_coherence=0.641  pressure_grad_mag=0.728  buoyancy_laplacian=0.867
    noise_std=  0.25  block_9      enstrophy=0.702  vorticity_signed=0.463  divergence=0.466  buoyancy_grad=0.880  convective_flux=0.771  okubo_weiss=0.474  velocity_buoyancy_coherence=0.625  pressure_grad_mag=0.717  buoyancy_laplacian=0.863
    noise_std=  0.25  block_10     enstrophy=0.695  vorticity_signed=0.438  divergence=0.416  buoyancy_grad=0.879  convective_flux=0.759  okubo_weiss=0.452  velocity_buoyancy_coherence=0.612  pressure_grad_mag=0.713  buoyancy_laplacian=0.864
    noise_std=  0.25  block_11     enstrophy=0.685  vorticity_signed=0.414  divergence=0.385  buoyancy_grad=0.882  convective_flux=0.742  okubo_weiss=0.434  velocity_buoyancy_coherence=0.595  pressure_grad_mag=0.716  buoyancy_laplacian=0.865
    noise_std=  0.25  block_12     enstrophy=0.685  vorticity_signed=0.395  divergence=0.367  buoyancy_grad=0.871  convective_flux=0.725  okubo_weiss=0.430  velocity_buoyancy_coherence=0.581  pressure_grad_mag=0.710  buoyancy_laplacian=0.860
    noise_std=  0.25  final_norm   enstrophy=0.670  vorticity_signed=0.362  divergence=0.338  buoyancy_grad=0.868  convective_flux=0.706  okubo_weiss=0.418  velocity_buoyancy_coherence=0.572  pressure_grad_mag=0.701  buoyancy_laplacian=0.854
    noise_std=   0.5  block_1      enstrophy=0.620  vorticity_signed=0.859  divergence=0.837  buoyancy_grad=0.859  convective_flux=0.914  okubo_weiss=0.493  velocity_buoyancy_coherence=0.650  pressure_grad_mag=0.673  buoyancy_laplacian=0.736
    noise_std=   0.5  block_2      enstrophy=0.648  vorticity_signed=0.841  divergence=0.818  buoyancy_grad=0.860  convective_flux=0.901  okubo_weiss=0.528  velocity_buoyancy_coherence=0.650  pressure_grad_mag=0.681  buoyancy_laplacian=0.752
    noise_std=   0.5  block_3      enstrophy=0.621  vorticity_signed=0.818  divergence=0.793  buoyancy_grad=0.857  convective_flux=0.891  okubo_weiss=0.496  velocity_buoyancy_coherence=0.645  pressure_grad_mag=0.664  buoyancy_laplacian=0.750
    noise_std=   0.5  block_4      enstrophy=0.589  vorticity_signed=0.759  divergence=0.731  buoyancy_grad=0.852  convective_flux=0.864  okubo_weiss=0.468  velocity_buoyancy_coherence=0.634  pressure_grad_mag=0.642  buoyancy_laplacian=0.747
    noise_std=   0.5  block_5      enstrophy=0.583  vorticity_signed=0.660  divergence=0.633  buoyancy_grad=0.855  convective_flux=0.828  okubo_weiss=0.441  velocity_buoyancy_coherence=0.612  pressure_grad_mag=0.642  buoyancy_laplacian=0.760
    noise_std=   0.5  block_6      enstrophy=0.581  vorticity_signed=0.537  divergence=0.519  buoyancy_grad=0.857  convective_flux=0.787  okubo_weiss=0.416  velocity_buoyancy_coherence=0.582  pressure_grad_mag=0.638  buoyancy_laplacian=0.769
    noise_std=   0.5  block_7      enstrophy=0.571  vorticity_signed=0.457  divergence=0.448  buoyancy_grad=0.853  convective_flux=0.754  okubo_weiss=0.392  velocity_buoyancy_coherence=0.560  pressure_grad_mag=0.624  buoyancy_laplacian=0.757
    noise_std=   0.5  block_8      enstrophy=0.583  vorticity_signed=0.407  divergence=0.387  buoyancy_grad=0.851  convective_flux=0.721  okubo_weiss=0.379  velocity_buoyancy_coherence=0.541  pressure_grad_mag=0.642  buoyancy_laplacian=0.773
    noise_std=   0.5  block_9      enstrophy=0.603  vorticity_signed=0.377  divergence=0.357  buoyancy_grad=0.840  convective_flux=0.702  okubo_weiss=0.373  velocity_buoyancy_coherence=0.528  pressure_grad_mag=0.643  buoyancy_laplacian=0.787
    noise_std=   0.5  block_10     enstrophy=0.603  vorticity_signed=0.368  divergence=0.320  buoyancy_grad=0.839  convective_flux=0.694  okubo_weiss=0.363  velocity_buoyancy_coherence=0.517  pressure_grad_mag=0.644  buoyancy_laplacian=0.786
    noise_std=   0.5  block_11     enstrophy=0.600  vorticity_signed=0.351  divergence=0.295  buoyancy_grad=0.839  convective_flux=0.685  okubo_weiss=0.360  velocity_buoyancy_coherence=0.511  pressure_grad_mag=0.651  buoyancy_laplacian=0.788
    noise_std=   0.5  block_12     enstrophy=0.608  vorticity_signed=0.335  divergence=0.292  buoyancy_grad=0.830  convective_flux=0.680  okubo_weiss=0.361  velocity_buoyancy_coherence=0.507  pressure_grad_mag=0.651  buoyancy_laplacian=0.789
    noise_std=   0.5  final_norm   enstrophy=0.598  vorticity_signed=0.314  divergence=0.276  buoyancy_grad=0.828  convective_flux=0.661  okubo_weiss=0.355  velocity_buoyancy_coherence=0.499  pressure_grad_mag=0.649  buoyancy_laplacian=0.785
    noise_std=   1.0  block_1      enstrophy=0.315  vorticity_signed=0.651  divergence=0.626  buoyancy_grad=0.756  convective_flux=0.807  okubo_weiss=0.227  velocity_buoyancy_coherence=0.560  pressure_grad_mag=0.416  buoyancy_laplacian=0.569
    noise_std=   1.0  block_2      enstrophy=0.342  vorticity_signed=0.642  divergence=0.620  buoyancy_grad=0.754  convective_flux=0.798  okubo_weiss=0.251  velocity_buoyancy_coherence=0.556  pressure_grad_mag=0.428  buoyancy_laplacian=0.572
    noise_std=   1.0  block_3      enstrophy=0.348  vorticity_signed=0.629  divergence=0.611  buoyancy_grad=0.752  convective_flux=0.790  okubo_weiss=0.248  velocity_buoyancy_coherence=0.550  pressure_grad_mag=0.436  buoyancy_laplacian=0.577
    noise_std=   1.0  block_4      enstrophy=0.333  vorticity_signed=0.608  divergence=0.584  buoyancy_grad=0.750  convective_flux=0.774  okubo_weiss=0.236  velocity_buoyancy_coherence=0.541  pressure_grad_mag=0.424  buoyancy_laplacian=0.573
    noise_std=   1.0  block_5      enstrophy=0.331  vorticity_signed=0.566  divergence=0.540  buoyancy_grad=0.751  convective_flux=0.735  okubo_weiss=0.228  velocity_buoyancy_coherence=0.517  pressure_grad_mag=0.428  buoyancy_laplacian=0.578
    noise_std=   1.0  block_6      enstrophy=0.317  vorticity_signed=0.513  divergence=0.469  buoyancy_grad=0.751  convective_flux=0.699  okubo_weiss=0.208  velocity_buoyancy_coherence=0.491  pressure_grad_mag=0.415  buoyancy_laplacian=0.575
    noise_std=   1.0  block_7      enstrophy=0.312  vorticity_signed=0.461  divergence=0.421  buoyancy_grad=0.748  convective_flux=0.664  okubo_weiss=0.200  velocity_buoyancy_coherence=0.465  pressure_grad_mag=0.408  buoyancy_laplacian=0.569
    noise_std=   1.0  block_8      enstrophy=0.315  vorticity_signed=0.410  divergence=0.362  buoyancy_grad=0.746  convective_flux=0.626  okubo_weiss=0.194  velocity_buoyancy_coherence=0.440  pressure_grad_mag=0.423  buoyancy_laplacian=0.570
    noise_std=   1.0  block_9      enstrophy=0.303  vorticity_signed=0.352  divergence=0.324  buoyancy_grad=0.734  convective_flux=0.606  okubo_weiss=0.190  velocity_buoyancy_coherence=0.421  pressure_grad_mag=0.427  buoyancy_laplacian=0.561
    noise_std=   1.0  block_10     enstrophy=0.304  vorticity_signed=0.318  divergence=0.281  buoyancy_grad=0.731  convective_flux=0.581  okubo_weiss=0.190  velocity_buoyancy_coherence=0.399  pressure_grad_mag=0.435  buoyancy_laplacian=0.562
    noise_std=   1.0  block_11     enstrophy=0.311  vorticity_signed=0.289  divergence=0.250  buoyancy_grad=0.727  convective_flux=0.573  okubo_weiss=0.193  velocity_buoyancy_coherence=0.392  pressure_grad_mag=0.442  buoyancy_laplacian=0.567
    noise_std=   1.0  block_12     enstrophy=0.337  vorticity_signed=0.265  divergence=0.233  buoyancy_grad=0.720  convective_flux=0.583  okubo_weiss=0.207  velocity_buoyancy_coherence=0.399  pressure_grad_mag=0.462  buoyancy_laplacian=0.581
    noise_std=   1.0  final_norm   enstrophy=0.340  vorticity_signed=0.257  divergence=0.229  buoyancy_grad=0.721  convective_flux=0.572  okubo_weiss=0.209  velocity_buoyancy_coherence=0.396  pressure_grad_mag=0.466  buoyancy_laplacian=0.584
    noise_std=   2.0  block_1      enstrophy=0.086  vorticity_signed=0.328  divergence=0.315  buoyancy_grad=0.589  convective_flux=0.547  okubo_weiss=0.063  velocity_buoyancy_coherence=0.368  pressure_grad_mag=0.203  buoyancy_laplacian=0.414
    noise_std=   2.0  block_2      enstrophy=0.088  vorticity_signed=0.325  divergence=0.313  buoyancy_grad=0.587  convective_flux=0.545  okubo_weiss=0.065  velocity_buoyancy_coherence=0.366  pressure_grad_mag=0.200  buoyancy_laplacian=0.411
    noise_std=   2.0  block_3      enstrophy=0.089  vorticity_signed=0.323  divergence=0.312  buoyancy_grad=0.585  convective_flux=0.542  okubo_weiss=0.066  velocity_buoyancy_coherence=0.363  pressure_grad_mag=0.199  buoyancy_laplacian=0.410
    noise_std=   2.0  block_4      enstrophy=0.089  vorticity_signed=0.319  divergence=0.309  buoyancy_grad=0.585  convective_flux=0.537  okubo_weiss=0.066  velocity_buoyancy_coherence=0.361  pressure_grad_mag=0.199  buoyancy_laplacian=0.410
    noise_std=   2.0  block_5      enstrophy=0.091  vorticity_signed=0.315  divergence=0.304  buoyancy_grad=0.584  convective_flux=0.531  okubo_weiss=0.067  velocity_buoyancy_coherence=0.358  pressure_grad_mag=0.200  buoyancy_laplacian=0.410
    noise_std=   2.0  block_6      enstrophy=0.091  vorticity_signed=0.311  divergence=0.298  buoyancy_grad=0.582  convective_flux=0.525  okubo_weiss=0.068  velocity_buoyancy_coherence=0.354  pressure_grad_mag=0.200  buoyancy_laplacian=0.409
    noise_std=   2.0  block_7      enstrophy=0.091  vorticity_signed=0.307  divergence=0.295  buoyancy_grad=0.580  convective_flux=0.520  okubo_weiss=0.068  velocity_buoyancy_coherence=0.349  pressure_grad_mag=0.199  buoyancy_laplacian=0.408
    noise_std=   2.0  block_8      enstrophy=0.090  vorticity_signed=0.303  divergence=0.288  buoyancy_grad=0.576  convective_flux=0.514  okubo_weiss=0.068  velocity_buoyancy_coherence=0.344  pressure_grad_mag=0.199  buoyancy_laplacian=0.406
    noise_std=   2.0  block_9      enstrophy=0.087  vorticity_signed=0.294  divergence=0.281  buoyancy_grad=0.572  convective_flux=0.506  okubo_weiss=0.067  velocity_buoyancy_coherence=0.338  pressure_grad_mag=0.197  buoyancy_laplacian=0.403
    noise_std=   2.0  block_10     enstrophy=0.086  vorticity_signed=0.286  divergence=0.273  buoyancy_grad=0.568  convective_flux=0.497  okubo_weiss=0.066  velocity_buoyancy_coherence=0.331  pressure_grad_mag=0.195  buoyancy_laplacian=0.402
    noise_std=   2.0  block_11     enstrophy=0.083  vorticity_signed=0.278  divergence=0.265  buoyancy_grad=0.564  convective_flux=0.485  okubo_weiss=0.065  velocity_buoyancy_coherence=0.322  pressure_grad_mag=0.191  buoyancy_laplacian=0.397
    noise_std=   2.0  block_12     enstrophy=0.087  vorticity_signed=0.272  divergence=0.253  buoyancy_grad=0.556  convective_flux=0.479  okubo_weiss=0.066  velocity_buoyancy_coherence=0.319  pressure_grad_mag=0.191  buoyancy_laplacian=0.394
    noise_std=   2.0  final_norm   enstrophy=0.090  vorticity_signed=0.270  divergence=0.253  buoyancy_grad=0.560  convective_flux=0.472  okubo_weiss=0.066  velocity_buoyancy_coherence=0.315  pressure_grad_mag=0.198  buoyancy_laplacian=0.399

wrote sweep_results/rayleigh_benard_noise_robustness.json
