building probe dataset...
300 clips total; token probe uses first 64

=== checkpoints/shear_flow_jepa.pt ===
  -- per-token LINEAR probe (no pooling) --
    block_1      enstrophy=0.775  vorticity_signed=0.992  divergence=0.998  tracer_grad=0.807  advective_flux=0.895  strain_rate_mag=0.963  okubo_weiss=0.870  pressure_grad_mag=0.836  tracer_laplacian=0.736
    block_2      enstrophy=0.839  vorticity_signed=0.959  divergence=0.982  tracer_grad=0.868  advective_flux=0.904  strain_rate_mag=0.984  okubo_weiss=0.921  pressure_grad_mag=0.915  tracer_laplacian=0.806
    block_3      enstrophy=0.783  vorticity_signed=0.882  divergence=0.919  tracer_grad=0.833  advective_flux=0.838  strain_rate_mag=0.979  okubo_weiss=0.897  pressure_grad_mag=0.896  tracer_laplacian=0.770
    block_4      enstrophy=0.692  vorticity_signed=0.752  divergence=0.815  tracer_grad=0.783  advective_flux=0.661  strain_rate_mag=0.960  okubo_weiss=0.843  pressure_grad_mag=0.855  tracer_laplacian=0.724
    block_5      enstrophy=0.556  vorticity_signed=0.503  divergence=0.523  tracer_grad=0.648  advective_flux=0.375  strain_rate_mag=0.878  okubo_weiss=0.708  pressure_grad_mag=0.768  tracer_laplacian=0.600
    block_6      enstrophy=0.429  vorticity_signed=0.280  divergence=0.272  tracer_grad=0.506  advective_flux=0.180  strain_rate_mag=0.699  okubo_weiss=0.534  pressure_grad_mag=0.681  tracer_laplacian=0.489
    block_7      enstrophy=0.387  vorticity_signed=0.245  divergence=0.195  tracer_grad=0.449  advective_flux=0.122  strain_rate_mag=0.630  okubo_weiss=0.470  pressure_grad_mag=0.647  tracer_laplacian=0.443
    block_8      enstrophy=0.346  vorticity_signed=0.266  divergence=0.172  tracer_grad=0.425  advective_flux=0.108  strain_rate_mag=0.603  okubo_weiss=0.449  pressure_grad_mag=0.610  tracer_laplacian=0.417
    block_9      enstrophy=0.313  vorticity_signed=0.240  divergence=0.162  tracer_grad=0.393  advective_flux=0.101  strain_rate_mag=0.580  okubo_weiss=0.424  pressure_grad_mag=0.588  tracer_laplacian=0.382
    block_10     enstrophy=0.311  vorticity_signed=0.209  divergence=0.151  tracer_grad=0.380  advective_flux=0.096  strain_rate_mag=0.576  okubo_weiss=0.406  pressure_grad_mag=0.593  tracer_laplacian=0.369
    block_11     enstrophy=0.299  vorticity_signed=0.199  divergence=0.146  tracer_grad=0.375  advective_flux=0.092  strain_rate_mag=0.575  okubo_weiss=0.402  pressure_grad_mag=0.572  tracer_laplacian=0.361
    block_12     enstrophy=0.275  vorticity_signed=0.159  divergence=0.138  tracer_grad=0.360  advective_flux=0.086  strain_rate_mag=0.566  okubo_weiss=0.385  pressure_grad_mag=0.548  tracer_laplacian=0.343
    final_norm   enstrophy=0.278  vorticity_signed=0.161  divergence=0.030  tracer_grad=0.352  advective_flux=0.039  strain_rate_mag=0.545  okubo_weiss=0.371  pressure_grad_mag=0.549  tracer_laplacian=0.341
  -- pooled NONLINEAR (MLP) probe --
    block_1      enstrophy=0.999  tracer_grad=0.996  advective_flux=0.721  strain_rate_mag=1.000  okubo_weiss=1.000  pressure_grad_mag=1.000  tracer_laplacian=0.991
    block_2      enstrophy=0.999  tracer_grad=0.999  advective_flux=0.506  strain_rate_mag=1.000  okubo_weiss=1.000  pressure_grad_mag=1.000  tracer_laplacian=0.998
    block_3      enstrophy=0.999  tracer_grad=0.987  advective_flux=0.653  strain_rate_mag=1.000  okubo_weiss=0.999  pressure_grad_mag=1.000  tracer_laplacian=0.978
    block_4      enstrophy=0.998  tracer_grad=0.981  advective_flux=0.760  strain_rate_mag=1.000  okubo_weiss=0.999  pressure_grad_mag=1.000  tracer_laplacian=0.980
    block_5      enstrophy=0.999  tracer_grad=0.997  advective_flux=0.216  strain_rate_mag=1.000  okubo_weiss=1.000  pressure_grad_mag=1.000  tracer_laplacian=0.995
    block_6      enstrophy=0.996  tracer_grad=0.996  advective_flux=0.590  strain_rate_mag=1.000  okubo_weiss=0.999  pressure_grad_mag=0.998  tracer_laplacian=0.993
    block_7      enstrophy=0.997  tracer_grad=0.996  advective_flux=0.727  strain_rate_mag=1.000  okubo_weiss=0.999  pressure_grad_mag=1.000  tracer_laplacian=0.992
    block_8      enstrophy=0.999  tracer_grad=0.994  advective_flux=0.761  strain_rate_mag=1.000  okubo_weiss=1.000  pressure_grad_mag=1.000  tracer_laplacian=0.990
    block_9      enstrophy=1.000  tracer_grad=0.985  advective_flux=0.800  strain_rate_mag=1.000  okubo_weiss=1.000  pressure_grad_mag=1.000  tracer_laplacian=0.979
    block_10     enstrophy=0.997  tracer_grad=0.995  advective_flux=0.751  strain_rate_mag=1.000  okubo_weiss=0.999  pressure_grad_mag=1.000  tracer_laplacian=0.991
    block_11     enstrophy=0.987  tracer_grad=0.980  advective_flux=0.565  strain_rate_mag=1.000  okubo_weiss=0.999  pressure_grad_mag=0.998  tracer_laplacian=0.972
    block_12     enstrophy=0.999  tracer_grad=0.986  advective_flux=0.568  strain_rate_mag=1.000  okubo_weiss=1.000  pressure_grad_mag=1.000  tracer_laplacian=0.981
    final_norm   enstrophy=0.992  tracer_grad=0.999  advective_flux=0.521  strain_rate_mag=1.000  okubo_weiss=0.999  pressure_grad_mag=1.000  tracer_laplacian=0.997
  -- per-token NONLINEAR (MLP) probe --
    block_1      enstrophy=0.976  vorticity_signed=0.999  divergence=1.000  tracer_grad=0.994  advective_flux=0.999  strain_rate_mag=0.999  okubo_weiss=0.997  pressure_grad_mag=0.994  tracer_laplacian=0.978
    block_2      enstrophy=0.983  vorticity_signed=0.999  divergence=0.999  tracer_grad=0.996  advective_flux=0.998  strain_rate_mag=0.999  okubo_weiss=0.998  pressure_grad_mag=0.996  tracer_laplacian=0.987
    block_3      enstrophy=0.977  vorticity_signed=0.997  divergence=0.996  tracer_grad=0.994  advective_flux=0.992  strain_rate_mag=0.998  okubo_weiss=0.996  pressure_grad_mag=0.994  tracer_laplacian=0.988
    block_4      enstrophy=0.977  vorticity_signed=0.992  divergence=0.989  tracer_grad=0.995  advective_flux=0.983  strain_rate_mag=0.998  okubo_weiss=0.995  pressure_grad_mag=0.994  tracer_laplacian=0.984
    block_5      enstrophy=0.956  vorticity_signed=0.958  divergence=0.958  tracer_grad=0.982  advective_flux=0.938  strain_rate_mag=0.992  okubo_weiss=0.985  pressure_grad_mag=0.985  tracer_laplacian=0.973
    block_6      enstrophy=0.877  vorticity_signed=0.897  divergence=0.845  tracer_grad=0.944  advective_flux=0.851  strain_rate_mag=0.980  okubo_weiss=0.962  pressure_grad_mag=0.963  tracer_laplacian=0.927
    block_7      enstrophy=0.812  vorticity_signed=0.801  divergence=0.644  tracer_grad=0.884  advective_flux=0.625  strain_rate_mag=0.943  okubo_weiss=0.909  pressure_grad_mag=0.932  tracer_laplacian=0.835
    block_8      enstrophy=0.781  vorticity_signed=0.729  divergence=0.402  tracer_grad=0.789  advective_flux=0.387  strain_rate_mag=0.882  okubo_weiss=0.805  pressure_grad_mag=0.881  tracer_laplacian=0.754
    block_9      enstrophy=0.722  vorticity_signed=0.668  divergence=0.182  tracer_grad=0.737  advective_flux=0.200  strain_rate_mag=0.814  okubo_weiss=0.774  pressure_grad_mag=0.833  tracer_laplacian=0.701
    block_10     enstrophy=0.686  vorticity_signed=0.653  divergence=0.047  tracer_grad=0.669  advective_flux=0.023  strain_rate_mag=0.767  okubo_weiss=0.741  pressure_grad_mag=0.846  tracer_laplacian=0.629
    block_11     enstrophy=0.726  vorticity_signed=0.670  divergence=0.043  tracer_grad=0.646  advective_flux=-0.009  strain_rate_mag=0.766  okubo_weiss=0.692  pressure_grad_mag=0.830  tracer_laplacian=0.589
    block_12     enstrophy=0.650  vorticity_signed=0.654  divergence=0.054  tracer_grad=0.692  advective_flux=-0.003  strain_rate_mag=0.791  okubo_weiss=0.724  pressure_grad_mag=0.824  tracer_laplacian=0.614
    final_norm   enstrophy=0.611  vorticity_signed=0.580  divergence=0.006  tracer_grad=0.627  advective_flux=-0.029  strain_rate_mag=0.723  okubo_weiss=0.641  pressure_grad_mag=0.798  tracer_laplacian=0.598

=== checkpoints/shear_flow_mae.pt ===
  -- per-token LINEAR probe (no pooling) --
    block_1      enstrophy=0.709  vorticity_signed=0.996  divergence=0.999  tracer_grad=0.829  advective_flux=0.939  strain_rate_mag=0.971  okubo_weiss=0.888  pressure_grad_mag=0.829  tracer_laplacian=0.742
    block_2      enstrophy=0.763  vorticity_signed=0.994  divergence=0.997  tracer_grad=0.852  advective_flux=0.943  strain_rate_mag=0.986  okubo_weiss=0.913  pressure_grad_mag=0.903  tracer_laplacian=0.780
    block_3      enstrophy=0.783  vorticity_signed=0.989  divergence=0.982  tracer_grad=0.866  advective_flux=0.922  strain_rate_mag=0.989  okubo_weiss=0.927  pressure_grad_mag=0.921  tracer_laplacian=0.795
    block_4      enstrophy=0.799  vorticity_signed=0.979  divergence=0.957  tracer_grad=0.868  advective_flux=0.888  strain_rate_mag=0.990  okubo_weiss=0.929  pressure_grad_mag=0.931  tracer_laplacian=0.798
    block_5      enstrophy=0.818  vorticity_signed=0.967  divergence=0.936  tracer_grad=0.863  advective_flux=0.845  strain_rate_mag=0.989  okubo_weiss=0.926  pressure_grad_mag=0.927  tracer_laplacian=0.798
    block_6      enstrophy=0.810  vorticity_signed=0.951  divergence=0.901  tracer_grad=0.854  advective_flux=0.803  strain_rate_mag=0.986  okubo_weiss=0.920  pressure_grad_mag=0.925  tracer_laplacian=0.788
    block_7      enstrophy=0.793  vorticity_signed=0.932  divergence=0.880  tracer_grad=0.837  advective_flux=0.770  strain_rate_mag=0.983  okubo_weiss=0.907  pressure_grad_mag=0.916  tracer_laplacian=0.769
    block_8      enstrophy=0.791  vorticity_signed=0.918  divergence=0.855  tracer_grad=0.828  advective_flux=0.730  strain_rate_mag=0.984  okubo_weiss=0.906  pressure_grad_mag=0.915  tracer_laplacian=0.761
    block_9      enstrophy=0.776  vorticity_signed=0.904  divergence=0.837  tracer_grad=0.820  advective_flux=0.693  strain_rate_mag=0.982  okubo_weiss=0.900  pressure_grad_mag=0.907  tracer_laplacian=0.751
    block_10     enstrophy=0.773  vorticity_signed=0.891  divergence=0.813  tracer_grad=0.818  advective_flux=0.676  strain_rate_mag=0.981  okubo_weiss=0.902  pressure_grad_mag=0.903  tracer_laplacian=0.752
    block_11     enstrophy=0.761  vorticity_signed=0.874  divergence=0.789  tracer_grad=0.808  advective_flux=0.648  strain_rate_mag=0.980  okubo_weiss=0.900  pressure_grad_mag=0.896  tracer_laplacian=0.741
    block_12     enstrophy=0.757  vorticity_signed=0.862  divergence=0.777  tracer_grad=0.802  advective_flux=0.632  strain_rate_mag=0.979  okubo_weiss=0.901  pressure_grad_mag=0.892  tracer_laplacian=0.736
    final_norm   enstrophy=0.684  vorticity_signed=0.840  divergence=0.780  tracer_grad=0.779  advective_flux=0.619  strain_rate_mag=0.973  okubo_weiss=0.872  pressure_grad_mag=0.856  tracer_laplacian=0.706
  -- pooled NONLINEAR (MLP) probe --
    block_1      enstrophy=1.000  tracer_grad=0.996  advective_flux=0.729  strain_rate_mag=1.000  okubo_weiss=1.000  pressure_grad_mag=1.000  tracer_laplacian=0.992
    block_2      enstrophy=0.996  tracer_grad=0.999  advective_flux=0.681  strain_rate_mag=1.000  okubo_weiss=1.000  pressure_grad_mag=1.000  tracer_laplacian=0.996
    block_3      enstrophy=0.998  tracer_grad=0.989  advective_flux=0.692  strain_rate_mag=1.000  okubo_weiss=0.997  pressure_grad_mag=0.999  tracer_laplacian=0.983
    block_4      enstrophy=0.999  tracer_grad=0.988  advective_flux=0.788  strain_rate_mag=1.000  okubo_weiss=1.000  pressure_grad_mag=1.000  tracer_laplacian=0.987
    block_5      enstrophy=0.998  tracer_grad=0.995  advective_flux=0.537  strain_rate_mag=1.000  okubo_weiss=0.999  pressure_grad_mag=1.000  tracer_laplacian=0.991
    block_6      enstrophy=0.996  tracer_grad=0.995  advective_flux=0.646  strain_rate_mag=1.000  okubo_weiss=0.999  pressure_grad_mag=1.000  tracer_laplacian=0.988
    block_7      enstrophy=0.996  tracer_grad=0.998  advective_flux=0.660  strain_rate_mag=1.000  okubo_weiss=0.999  pressure_grad_mag=1.000  tracer_laplacian=0.995
    block_8      enstrophy=0.999  tracer_grad=0.997  advective_flux=0.754  strain_rate_mag=1.000  okubo_weiss=1.000  pressure_grad_mag=1.000  tracer_laplacian=0.994
    block_9      enstrophy=1.000  tracer_grad=0.998  advective_flux=0.456  strain_rate_mag=1.000  okubo_weiss=1.000  pressure_grad_mag=1.000  tracer_laplacian=0.999
    block_10     enstrophy=0.997  tracer_grad=0.998  advective_flux=0.720  strain_rate_mag=1.000  okubo_weiss=0.999  pressure_grad_mag=1.000  tracer_laplacian=0.996
    block_11     enstrophy=0.998  tracer_grad=0.996  advective_flux=0.467  strain_rate_mag=1.000  okubo_weiss=0.999  pressure_grad_mag=0.999  tracer_laplacian=0.975
    block_12     enstrophy=1.000  tracer_grad=0.998  advective_flux=0.249  strain_rate_mag=1.000  okubo_weiss=1.000  pressure_grad_mag=1.000  tracer_laplacian=0.999
    final_norm   enstrophy=1.000  tracer_grad=0.996  advective_flux=0.275  strain_rate_mag=1.000  okubo_weiss=1.000  pressure_grad_mag=1.000  tracer_laplacian=0.991
  -- per-token NONLINEAR (MLP) probe --
    block_1      enstrophy=0.986  vorticity_signed=0.999  divergence=1.000  tracer_grad=0.997  advective_flux=0.999  strain_rate_mag=1.000  okubo_weiss=0.998  pressure_grad_mag=0.997  tracer_laplacian=0.986
    block_2      enstrophy=0.989  vorticity_signed=1.000  divergence=1.000  tracer_grad=0.998  advective_flux=0.999  strain_rate_mag=1.000  okubo_weiss=0.999  pressure_grad_mag=0.998  tracer_laplacian=0.988
    block_3      enstrophy=0.989  vorticity_signed=0.999  divergence=1.000  tracer_grad=0.997  advective_flux=0.997  strain_rate_mag=1.000  okubo_weiss=0.999  pressure_grad_mag=0.998  tracer_laplacian=0.990
    block_4      enstrophy=0.993  vorticity_signed=0.999  divergence=0.999  tracer_grad=0.998  advective_flux=0.998  strain_rate_mag=1.000  okubo_weiss=0.999  pressure_grad_mag=0.998  tracer_laplacian=0.993
    block_5      enstrophy=0.992  vorticity_signed=0.999  divergence=0.999  tracer_grad=0.998  advective_flux=0.996  strain_rate_mag=0.999  okubo_weiss=0.998  pressure_grad_mag=0.997  tracer_laplacian=0.995
    block_6      enstrophy=0.993  vorticity_signed=0.999  divergence=0.998  tracer_grad=0.998  advective_flux=0.995  strain_rate_mag=1.000  okubo_weiss=0.999  pressure_grad_mag=0.998  tracer_laplacian=0.995
    block_7      enstrophy=0.994  vorticity_signed=0.998  divergence=0.997  tracer_grad=0.997  advective_flux=0.992  strain_rate_mag=0.999  okubo_weiss=0.999  pressure_grad_mag=0.998  tracer_laplacian=0.994
    block_8      enstrophy=0.990  vorticity_signed=0.998  divergence=0.996  tracer_grad=0.998  advective_flux=0.991  strain_rate_mag=0.999  okubo_weiss=0.999  pressure_grad_mag=0.998  tracer_laplacian=0.995
    block_9      enstrophy=0.988  vorticity_signed=0.998  divergence=0.996  tracer_grad=0.997  advective_flux=0.990  strain_rate_mag=0.999  okubo_weiss=0.999  pressure_grad_mag=0.998  tracer_laplacian=0.993
    block_10     enstrophy=0.990  vorticity_signed=0.997  divergence=0.994  tracer_grad=0.996  advective_flux=0.988  strain_rate_mag=0.999  okubo_weiss=0.998  pressure_grad_mag=0.996  tracer_laplacian=0.994
    block_11     enstrophy=0.992  vorticity_signed=0.996  divergence=0.994  tracer_grad=0.996  advective_flux=0.988  strain_rate_mag=0.999  okubo_weiss=0.999  pressure_grad_mag=0.997  tracer_laplacian=0.992
    block_12     enstrophy=0.989  vorticity_signed=0.996  divergence=0.994  tracer_grad=0.997  advective_flux=0.986  strain_rate_mag=0.999  okubo_weiss=0.999  pressure_grad_mag=0.997  tracer_laplacian=0.995
    final_norm   enstrophy=0.990  vorticity_signed=0.996  divergence=0.994  tracer_grad=0.996  advective_flux=0.985  strain_rate_mag=0.999  okubo_weiss=0.998  pressure_grad_mag=0.997  tracer_laplacian=0.992

wrote sweep_results/shear_flow_nonpooled.json
